
Memory Configuration

Name             Origin             Length             Attributes
interrupt        0x0000000000000000 0x00000000000000c0 xr
cfmprotrom       0x0000000000000400 0x0000000000000010 xr
flash            0x0000000000000410 0x000000000003fbf0 xr
sram             0x000000001fffe000 0x0000000000008000 xrw
*default*        0x0000000000000000 0xffffffffffffffff

Linker script and memory map

LOAD build/start.o
LOAD build/main.o
                0x0000000020006000                _estack = (ORIGIN (sram) + LENGTH (sram))

.vectors        0x0000000000000000       0xc0
                0x0000000000000000                . = ALIGN (0x4)
 *(.vectors)
 .vectors       0x0000000000000000       0xc0 build/start.o
                0x00000000000000c0                . = ALIGN (0x4)

.cfmprotect     0x0000000000000400       0x10
                0x0000000000000400                . = ALIGN (0x4)
 *(.cfmconfig)
 .cfmconfig     0x0000000000000400       0x10 build/start.o
                0x0000000000000410                . = ALIGN (0x4)

.text           0x0000000000000410      0x2d4
 *(.text*)
 .text          0x0000000000000410       0x5c build/start.o
                0x0000000000000410                _start
                0x0000000000000442                _delay_ms
                0x000000000000044c                _dummy_isr
 .text          0x000000000000046c      0x278 build/main.o
                0x0000000000000618                main
                0x000000000000064c                _systick_handler
                0x0000000000000684                _porta_handler
                0x00000000000006b4                _portc_portd_handler

.glue_7         0x00000000000006e4        0x0
 .glue_7        0x00000000000006e4        0x0 linker stubs

.glue_7t        0x00000000000006e4        0x0
 .glue_7t       0x00000000000006e4        0x0 linker stubs

.vfp11_veneer   0x00000000000006e4        0x0
 .vfp11_veneer  0x00000000000006e4        0x0 linker stubs

.v4_bx          0x00000000000006e4        0x0
 .v4_bx         0x00000000000006e4        0x0 linker stubs

.iplt           0x00000000000006e4        0x0
 .iplt          0x00000000000006e4        0x0 build/start.o

.rodata         0x00000000000006e4        0xe
 *(.rodata*)
 .rodata        0x00000000000006e4        0xe build/main.o
                0x00000000000006f2                _sdata_ram = LOADADDR (.data)

.rel.dyn        0x00000000000006f4        0x0
 .rel.iplt      0x00000000000006f4        0x0 build/start.o

.data           0x000000001fffe000        0x0 load address 0x00000000000006f2
                0x000000001fffe000                _sdata = .
 *(.first_data)
 *(.data SORT_BY_NAME(.data.*))
 .data          0x000000001fffe000        0x0 build/start.o
 .data          0x000000001fffe000        0x0 build/main.o
                0x000000001fffe000                _edata = .

.igot.plt       0x000000001fffe000        0x0 load address 0x00000000000006f2
 .igot.plt      0x000000001fffe000        0x0 build/start.o

.bss            0x000000001fffe000        0x0 load address 0x00000000000006f2
                0x000000001fffe000                _sbss = .
 *(.bss SORT_BY_NAME(.bss.*) COMMON)
 .bss           0x000000001fffe000        0x0 build/start.o
 .bss           0x000000001fffe000        0x0 build/main.o
                0x000000001fffe000                _ebss = .
                0x000000001fffe000                _end = .
OUTPUT(build/firmware.elf elf32-littlearm)

.ARM.attributes
                0x0000000000000000       0x2e
 .ARM.attributes
                0x0000000000000000       0x22 build/start.o
 .ARM.attributes
                0x0000000000000022       0x2c build/main.o

.comment        0x0000000000000000       0x75
 .comment       0x0000000000000000       0x75 build/main.o
                                         0x76 (size before relaxing)

.debug_line     0x0000000000000000      0x2a5
 .debug_line    0x0000000000000000       0x65 build/start.o
 .debug_line    0x0000000000000065      0x240 build/main.o

.debug_info     0x0000000000000000      0x679
 .debug_info    0x0000000000000000       0x26 build/start.o
 .debug_info    0x0000000000000026      0x653 build/main.o

.debug_abbrev   0x0000000000000000      0x187
 .debug_abbrev  0x0000000000000000       0x14 build/start.o
 .debug_abbrev  0x0000000000000014      0x173 build/main.o

.debug_aranges  0x0000000000000000       0x40
 .debug_aranges
                0x0000000000000000       0x20 build/start.o
 .debug_aranges
                0x0000000000000020       0x20 build/main.o

.debug_str      0x0000000000000000      0x357
 .debug_str     0x0000000000000000       0x59 build/start.o
 .debug_str     0x0000000000000059      0x2fe build/main.o
                                        0x386 (size before relaxing)

.debug_frame    0x0000000000000000      0x130
 .debug_frame   0x0000000000000000      0x130 build/main.o
