Archive member included to satisfy reference by file (symbol)

/home/botelhocpp/.platformio/packages/toolchain-gccarmnoneeabi/bin/../lib/gcc/arm-none-eabi/8.2.1/../../../../arm-none-eabi/lib/thumb/v6-m/nofp/libc.a(lib_a-exit.o)
                              /home/botelhocpp/.platformio/packages/toolchain-gccarmnoneeabi/bin/../lib/gcc/arm-none-eabi/8.2.1/../../../../arm-none-eabi/lib/thumb/v6-m/nofp/crt0.o (exit)
/home/botelhocpp/.platformio/packages/toolchain-gccarmnoneeabi/bin/../lib/gcc/arm-none-eabi/8.2.1/../../../../arm-none-eabi/lib/thumb/v6-m/nofp/libc.a(lib_a-impure.o)
                              /home/botelhocpp/.platformio/packages/toolchain-gccarmnoneeabi/bin/../lib/gcc/arm-none-eabi/8.2.1/../../../../arm-none-eabi/lib/thumb/v6-m/nofp/libc.a(lib_a-exit.o) (_global_impure_ptr)
/home/botelhocpp/.platformio/packages/toolchain-gccarmnoneeabi/bin/../lib/gcc/arm-none-eabi/8.2.1/../../../../arm-none-eabi/lib/thumb/v6-m/nofp/libc.a(lib_a-init.o)
                              /home/botelhocpp/.platformio/packages/toolchain-gccarmnoneeabi/bin/../lib/gcc/arm-none-eabi/8.2.1/../../../../arm-none-eabi/lib/thumb/v6-m/nofp/crt0.o (__libc_init_array)
/home/botelhocpp/.platformio/packages/toolchain-gccarmnoneeabi/bin/../lib/gcc/arm-none-eabi/8.2.1/../../../../arm-none-eabi/lib/thumb/v6-m/nofp/libc.a(lib_a-memset.o)
                              /home/botelhocpp/.platformio/packages/toolchain-gccarmnoneeabi/bin/../lib/gcc/arm-none-eabi/8.2.1/../../../../arm-none-eabi/lib/thumb/v6-m/nofp/crt0.o (memset)
/home/botelhocpp/.platformio/packages/toolchain-gccarmnoneeabi/bin/../lib/gcc/arm-none-eabi/8.2.1/../../../../arm-none-eabi/lib/thumb/v6-m/nofp/libc.a(lib_a-sprintf.o)
                              build/main.o (sprintf)
/home/botelhocpp/.platformio/packages/toolchain-gccarmnoneeabi/bin/../lib/gcc/arm-none-eabi/8.2.1/../../../../arm-none-eabi/lib/thumb/v6-m/nofp/libc.a(lib_a-svfprintf.o)
                              /home/botelhocpp/.platformio/packages/toolchain-gccarmnoneeabi/bin/../lib/gcc/arm-none-eabi/8.2.1/../../../../arm-none-eabi/lib/thumb/v6-m/nofp/libc.a(lib_a-sprintf.o) (_svfprintf_r)
/home/botelhocpp/.platformio/packages/toolchain-gccarmnoneeabi/bin/../lib/gcc/arm-none-eabi/8.2.1/../../../../arm-none-eabi/lib/thumb/v6-m/nofp/libc.a(lib_a-__call_atexit.o)
                              /home/botelhocpp/.platformio/packages/toolchain-gccarmnoneeabi/bin/../lib/gcc/arm-none-eabi/8.2.1/../../../../arm-none-eabi/lib/thumb/v6-m/nofp/libc.a(lib_a-exit.o) (__call_exitprocs)
/home/botelhocpp/.platformio/packages/toolchain-gccarmnoneeabi/bin/../lib/gcc/arm-none-eabi/8.2.1/../../../../arm-none-eabi/lib/thumb/v6-m/nofp/libc.a(lib_a-atexit.o)
                              /home/botelhocpp/.platformio/packages/toolchain-gccarmnoneeabi/bin/../lib/gcc/arm-none-eabi/8.2.1/../../../../arm-none-eabi/lib/thumb/v6-m/nofp/libc.a(lib_a-__call_atexit.o) (atexit)
/home/botelhocpp/.platformio/packages/toolchain-gccarmnoneeabi/bin/../lib/gcc/arm-none-eabi/8.2.1/../../../../arm-none-eabi/lib/thumb/v6-m/nofp/libc.a(lib_a-dtoa.o)
                              /home/botelhocpp/.platformio/packages/toolchain-gccarmnoneeabi/bin/../lib/gcc/arm-none-eabi/8.2.1/../../../../arm-none-eabi/lib/thumb/v6-m/nofp/libc.a(lib_a-svfprintf.o) (_dtoa_r)
/home/botelhocpp/.platformio/packages/toolchain-gccarmnoneeabi/bin/../lib/gcc/arm-none-eabi/8.2.1/../../../../arm-none-eabi/lib/thumb/v6-m/nofp/libc.a(lib_a-fini.o)
                              /home/botelhocpp/.platformio/packages/toolchain-gccarmnoneeabi/bin/../lib/gcc/arm-none-eabi/8.2.1/../../../../arm-none-eabi/lib/thumb/v6-m/nofp/libc.a(lib_a-__call_atexit.o) (__libc_fini_array)
/home/botelhocpp/.platformio/packages/toolchain-gccarmnoneeabi/bin/../lib/gcc/arm-none-eabi/8.2.1/../../../../arm-none-eabi/lib/thumb/v6-m/nofp/libc.a(lib_a-freer.o)
                              /home/botelhocpp/.platformio/packages/toolchain-gccarmnoneeabi/bin/../lib/gcc/arm-none-eabi/8.2.1/../../../../arm-none-eabi/lib/thumb/v6-m/nofp/libc.a(lib_a-svfprintf.o) (_free_r)
/home/botelhocpp/.platformio/packages/toolchain-gccarmnoneeabi/bin/../lib/gcc/arm-none-eabi/8.2.1/../../../../arm-none-eabi/lib/thumb/v6-m/nofp/libc.a(lib_a-localeconv.o)
                              /home/botelhocpp/.platformio/packages/toolchain-gccarmnoneeabi/bin/../lib/gcc/arm-none-eabi/8.2.1/../../../../arm-none-eabi/lib/thumb/v6-m/nofp/libc.a(lib_a-svfprintf.o) (_localeconv_r)
/home/botelhocpp/.platformio/packages/toolchain-gccarmnoneeabi/bin/../lib/gcc/arm-none-eabi/8.2.1/../../../../arm-none-eabi/lib/thumb/v6-m/nofp/libc.a(lib_a-lock.o)
                              /home/botelhocpp/.platformio/packages/toolchain-gccarmnoneeabi/bin/../lib/gcc/arm-none-eabi/8.2.1/../../../../arm-none-eabi/lib/thumb/v6-m/nofp/libc.a(lib_a-__call_atexit.o) (__retarget_lock_acquire_recursive)
/home/botelhocpp/.platformio/packages/toolchain-gccarmnoneeabi/bin/../lib/gcc/arm-none-eabi/8.2.1/../../../../arm-none-eabi/lib/thumb/v6-m/nofp/libc.a(lib_a-mallocr.o)
[...]
Memory Configuration

Name             Origin             Length             Attributes
m_interrupts     0x0000000000000000 0x0000000000000100 xr
m_flash_config   0x0000000000000400 0x0000000000000010 xr
m_text           0x0000000000000410 0x000000000003fbf0 xr
m_data           0x000000001fffe000 0x0000000000008000 rw
*default*        0x0000000000000000 0xffffffffffffffff

Linker script and memory map

LOAD /home/botelhocpp/.platformio/packages/toolchain-gccarmnoneeabi/bin/../lib/gcc/arm-none-eabi/8.2.1/thumb/v6-m/nofp/crti.o
LOAD /home/botelhocpp/.platformio/packages/toolchain-gccarmnoneeabi/bin/../lib/gcc/arm-none-eabi/8.2.1/thumb/v6-m/nofp/crtbegin.o
LOAD /home/botelhocpp/.platformio/packages/toolchain-gccarmnoneeabi/bin/../lib/gcc/arm-none-eabi/8.2.1/../../../../arm-none-eabi/lib/thumb/v6-m/nofp/crt0.o
LOAD build/start.o
LOAD build/main.o
LOAD /home/botelhocpp/.platformio/packages/toolchain-gccarmnoneeabi/bin/../lib/gcc/arm-none-eabi/8.2.1/thumb/v6-m/nofp/libgcc.a
LOAD /home/botelhocpp/.platformio/packages/toolchain-gccarmnoneeabi/bin/../lib/gcc/arm-none-eabi/8.2.1/../../../../arm-none-eabi/lib/thumb/v6-m/nofp/libc.a
LOAD /home/botelhocpp/.platformio/packages/toolchain-gccarmnoneeabi/bin/../lib/gcc/arm-none-eabi/8.2.1/../../../../arm-none-eabi/lib/thumb/v6-m/nofp/libm.a
START GROUP
LOAD /home/botelhocpp/.platformio/packages/toolchain-gccarmnoneeabi/bin/../lib/gcc/arm-none-eabi/8.2.1/thumb/v6-m/nofp/libgcc.a
LOAD /home/botelhocpp/.platformio/packages/toolchain-gccarmnoneeabi/bin/../lib/gcc/arm-none-eabi/8.2.1/../../../../arm-none-eabi/lib/thumb/v6-m/nofp/libg.a
LOAD /home/botelhocpp/.platformio/packages/toolchain-gccarmnoneeabi/bin/../lib/gcc/arm-none-eabi/8.2.1/../../../../arm-none-eabi/lib/thumb/v6-m/nofp/libc.a
END GROUP
START GROUP
LOAD /home/botelhocpp/.platformio/packages/toolchain-gccarmnoneeabi/bin/../lib/gcc/arm-none-eabi/8.2.1/thumb/v6-m/nofp/libgcc.a
LOAD /home/botelhocpp/.platformio/packages/toolchain-gccarmnoneeabi/bin/../lib/gcc/arm-none-eabi/8.2.1/../../../../arm-none-eabi/lib/thumb/v6-m/nofp/libc.a
LOAD /home/botelhocpp/.platformio/packages/toolchain-gccarmnoneeabi/bin/../lib/gcc/arm-none-eabi/8.2.1/../../../../arm-none-eabi/lib/thumb/v6-m/nofp/libnosys.a
END GROUP
LOAD /home/botelhocpp/.platformio/packages/toolchain-gccarmnoneeabi/bin/../lib/gcc/arm-none-eabi/8.2.1/thumb/v6-m/nofp/crtend.o
LOAD /home/botelhocpp/.platformio/packages/toolchain-gccarmnoneeabi/bin/../lib/gcc/arm-none-eabi/8.2.1/thumb/v6-m/nofp/crtn.o
                0x0000000000000400                HEAP_SIZE = DEFINED (__heap_size__)?__heap_size__:0x400
                0x0000000000000400                STACK_SIZE = DEFINED (__stack_size__)?__stack_size__:0x400

.interrupts     0x0000000000000000       0xc0
                0x0000000000000000                __VECTOR_TABLE = .
                0x0000000000000000                . = ALIGN (0x4)
 *(.isr_vector)
 .isr_vector    0x0000000000000000       0xc0 build/start.o
                0x00000000000000c0                . = ALIGN (0x4)

.flash_config   0x0000000000000400       0x10
                0x0000000000000400                . = ALIGN (0x4)
 *(.FlashConfig)
 .FlashConfig   0x0000000000000400       0x10 build/start.o
                0x0000000000000410                . = ALIGN (0x4)

.text           0x0000000000000410     0x8398
                0x0000000000000410                . = ALIGN (0x4)
 *(.text)
 .text          0x0000000000000410        0x0 /home/botelhocpp/.platformio/packages/toolchain-gccarmnoneeabi/bin/../lib/gcc/arm-none-eabi/8.2.1/thumb/v6-m/nofp/crti.o
 .text          0x0000000000000410       0x48 /home/botelhocpp/.platformio/packages/toolchain-gccarmnoneeabi/bin/../lib/gcc/arm-none-eabi/8.2.1/thumb/v6-m/nofp/crtbegin.o
 .text          0x0000000000000458       0x78 /home/botelhocpp/.platformio/packages/toolchain-gccarmnoneeabi/bin/../lib/gcc/arm-none-eabi/8.2.1/../../../../arm-none-eabi/lib/thumb/v6-m/nofp/crt0.o
                0x0000000000000458                _mainCRTStartup
                0x0000000000000458                _start
 .text          0x00000000000004d0       0x60 build/start.o
                0x00000000000004d0                Reset_Handler
                0x0000000000000506                _delay_ms
                0x0000000000000510                I2C0_IRQHandler
                0x0000000000000510                HardFault_Handler
                0x0000000000000510                PendSV_Handler
                0x0000000000000510                NMI_Handler
                0x0000000000000510                I2C1_IRQHandler
                0x0000000000000510                UART1_IRQHandler
                0x0000000000000510                DMA2_IRQHandler
                0x0000000000000510                TPM0_IRQHandler
                0x0000000000000510                I2S0_IRQHandler
                0x0000000000000510                LLWU_IRQHandler
                0x0000000000000510                TSI0_IRQHandler
                0x0000000000000510                UART0_IRQHandler
                0x0000000000000510                ADC0_IRQHandler
                0x0000000000000510                SPI1_IRQHandler
                0x0000000000000510                TPM2_IRQHandler
                0x0000000000000510                RTC_IRQHandler
                0x0000000000000510                RTC_Seconds_IRQHandler
                0x0000000000000510                MCG_IRQHandler
                0x0000000000000510                UART2_IRQHandler
                0x0000000000000510                Reserved20_IRQHandler
                0x0000000000000510                USB0_IRQHandler
                0x0000000000000510                PIT_IRQHandler
                0x0000000000000510                SVC_Handler
                0x0000000000000510                DMA3_IRQHandler
                0x0000000000000510                DMA0_IRQHandler
                0x0000000000000510                DAC0_IRQHandler
                0x0000000000000510                TPM1_IRQHandler
                0x0000000000000510                LVD_LVW_IRQHandler
                0x0000000000000510                _dummy_isr
                0x0000000000000510                SPI0_IRQHandler
                0x0000000000000510                FTFA_IRQHandler
                0x0000000000000510                LPTMR0_IRQHandler
                0x0000000000000510                SLCD_IRQHandler
                0x0000000000000510                CMP0_IRQHandler
                0x0000000000000510                DMA1_IRQHandler
 .text          0x0000000000000530       0x98 build/main.o
                0x000000000000055c                SysTick_Handler
                0x0000000000000588                PORTA_IRQHandler
                0x00000000000005a8                PORTC_PORTD_IRQHandler
 .text          0x00000000000005c8        0x0 /home/botelhocpp/.platformio/packages/toolchain-gccarmnoneeabi/bin/../lib/gcc/arm-none-eabi/8.2.1/../../../../arm-none-eabi/lib/thumb/v6-m/nofp/libc.a(lib_a-exit.o)
 .text          0x00000000000005c8        0x0 /home/botelhocpp/.platformio/packages/toolchain-gccarmnoneeabi/bin/../lib/gcc/arm-none-eabi/8.2.1/../../../../arm-none-eabi/lib/thumb/v6-m/nofp/libc.a(lib_a-impure.o)
 .text          0x00000000000005c8        0x0 /home/botelhocpp/.platformio/packages/toolchain-gccarmnoneeabi/bin/../lib/gcc/arm-none-eabi/8.2.1/../../../../arm-none-eabi/lib/thumb/v6-m/nofp/libc.a(lib_a-init.o)
 .text          0x00000000000005c8        0x0 /home/botelhocpp/.platformio/packages/toolchain-gccarmnoneeabi/bin/../lib/gcc/arm-none-eabi/8.2.1/../../../../arm-none-eabi/lib/thumb/v6-m/nofp/libc.a(lib_a-memset.o)
 .text          0x00000000000005c8        0x0 /home/botelhocpp/.platformio/packages/toolchain-gccarmnoneeabi/bin/../lib/gcc/arm-none-eabi/8.2.1/../../../../arm-none-eabi/lib/thumb/v6-m/nofp/libc.a(lib_a-sprintf.o)
 .text          0x00000000000005c8        0x0 /home/botelhocpp/.platformio/packages/toolchain-gccarmnoneeabi/bin/../lib/gcc/arm-none-eabi/8.2.1/../../../../arm-none-eabi/lib/thumb/v6-m/nofp/libc.a(lib_a-svfprintf.o)
 .text          0x00000000000005c8        0x0 /home/botelhocpp/.platformio/packages/toolchain-gccarmnoneeabi/bin/../lib/gcc/arm-none-eabi/8.2.1/../../../../arm-none-eabi/lib/thumb/v6-m/nofp/libc.a(lib_a-__call_atexit.o)
 .text          0x00000000000005c8        0x0 /home/botelhocpp/.platformio/packages/toolchain-gccarmnoneeabi/bin/../lib/gcc/arm-none-eabi/8.2.1/../../../../arm-none-eabi/lib/thumb/v6-m/nofp/libc.a(lib_a-atexit.o)
 .text          0x00000000000005c8        0x0 /home/botelhocpp/.platformio/packages/toolchain-gccarmnoneeabi/bin/../lib/gcc/arm-none-eabi/8.2.1/../../../../arm-none-eabi/lib/thumb/v6-m/nofp/libc.a(lib_a-dtoa.o)
 .text          0x00000000000005c8        0x0 /home/botelhocpp/.platformio/packages/toolchain-gccarmnoneeabi/bin/../lib/gcc/arm-none-eabi/8.2.1/../../../../arm-none-eabi/lib/thumb/v6-m/nofp/libc.a(lib_a-fini.o)
 .text          0x00000000000005c8        0x0 /home/botelhocpp/.platformio/packages/toolchain-gccarmnoneeabi/bin/../lib/gcc/arm-none-eabi/8.2.1/../../../../arm-none-eabi/lib/thumb/v6-m/nofp/libc.a(lib_a-freer.o)
 .text          0x00000000000005c8        0x0 /home/botelhocpp/.platformio/packages/toolchain-gccarmnoneeabi/bin/../lib/gcc/arm-none-eabi/8.2.1/../../../../arm-none-eabi/lib/thumb/v6-m/nofp/libc.a(lib_a-localeconv.o)
 .text          0x00000000000005c8        0x0 /home/botelhocpp/.platformio/packages/toolchain-gccarmnoneeabi/bin/../lib/gcc/arm-none-eabi/8.2.1/../../../../arm-none-eabi/lib/thumb/v6-m/nofp/libc.a(lib_a-lock.o)
 .text          0x00000000000005c8        0x0 /home/botelhocpp/.platformio/packages/toolchain-gccarmnoneeabi/bin/../lib/gcc/arm-none-eabi/8.2.1/../../../../arm-none-eabi/lib/thumb/v6-m/nofp/libc.a(lib_a-mallocr.o)
 .text          0x00000000000005c8        0x0 /home/botelhocpp/.platformio/packages/toolchain-gccarmnoneeabi/bin/../lib/gcc/arm-none-eabi/8.2.1/../../../../arm-none-eabi/lib/thumb/v6-m/nofp/libc.a(lib_a-memchr-stub.o)
 .text          0x00000000000005c8        0x0 /home/botelhocpp/.platformio/packages/toolchain-gccarmnoneeabi/bin/../lib/gcc/arm-none-eabi/8.2.1/../../../../arm-none-eabi/lib/thumb/v6-m/nofp/libc.a(lib_a-memcpy-stub.o)
 .text          0x00000000000005c8        0x0 /home/botelhocpp/.platformio/packages/toolchain-gccarmnoneeabi/bin/../lib/gcc/arm-none-eabi/8.2.1/../../../../arm-none-eabi/lib/thumb/v6-m/nofp/libc.a(lib_a-mlock.o)
 .text          0x00000000000005c8        0x0 /home/botelhocpp/.platformio/packages/toolchain-gccarmnoneeabi/bin/../lib/gcc/arm-none-eabi/8.2.1/../../../../arm-none-eabi/lib/thumb/v6-m/nofp/libc.a(lib_a-mprec.o)
 .text          0x00000000000005c8        0x0 /home/botelhocpp/.platformio/packages/toolchain-gccarmnoneeabi/bin/../lib/gcc/arm-none-eabi/8.2.1/../../../../arm-none-eabi/lib/thumb/v6-m/nofp/libc.a(lib_a-s_frexp.o)
 .text          0x00000000000005c8        0x0 /home/botelhocpp/.platformio/packages/toolchain-gccarmnoneeabi/bin/../lib/gcc/arm-none-eabi/8.2.1/../../../../arm-none-eabi/lib/thumb/v6-m/nofp/libc.a(lib_a-sbrkr.o)
 .text          0x00000000000005c8        0x0 /home/botelhocpp/.platformio/packages/toolchain-gccarmnoneeabi/bin/../lib/gcc/arm-none-eabi/8.2.1/../../../../arm-none-eabi/lib/thumb/v6-m/nofp/libc.a(lib_a-strlen-stub.o)
 .text          0x00000000000005c8        0x0 /home/botelhocpp/.platformio/packages/toolchain-gccarmnoneeabi/bin/../lib/gcc/arm-none-eabi/8.2.1/../../../../arm-none-eabi/lib/thumb/v6-m/nofp/libc.a(lib_a-strncpy.o)
 .text          0x00000000000005c8        0x0 /home/botelhocpp/.platformio/packages/toolchain-gccarmnoneeabi/bin/../lib/gcc/arm-none-eabi/8.2.1/../../../../arm-none-eabi/lib/thumb/v6-m/nofp/libc.a(lib_a-svfiprintf.o)
 .text          0x00000000000005c8        0x0 /home/botelhocpp/.platformio/packages/toolchain-gccarmnoneeabi/bin/../lib/gcc/arm-none-eabi/8.2.1/../../../../arm-none-eabi/lib/thumb/v6-m/nofp/libc.a(lib_a-__atexit.o)
 .text          0x00000000000005c8        0x0 /home/botelhocpp/.platformio/packages/toolchain-gccarmnoneeabi/bin/../lib/gcc/arm-none-eabi/8.2.1/../../../../arm-none-eabi/lib/thumb/v6-m/nofp/libc.a(lib_a-callocr.o)
 .text          0x00000000000005c8        0x0 /home/botelhocpp/.platformio/packages/toolchain-gccarmnoneeabi/bin/../lib/gcc/arm-none-eabi/8.2.1/../../../../arm-none-eabi/lib/thumb/v6-m/nofp/libc.a(lib_a-locale.o)
 .text          0x00000000000005c8        0x0 /home/botelhocpp/.platformio/packages/toolchain-gccarmnoneeabi/bin/../lib/gcc/arm-none-eabi/8.2.1/../../../../arm-none-eabi/lib/thumb/v6-m/nofp/libc.a(lib_a-mbtowc_r.o)
 .text          0x00000000000005c8        0x0 /home/botelhocpp/.platformio/packages/toolchain-gccarmnoneeabi/bin/../lib/gcc/arm-none-eabi/8.2.1/../../../../arm-none-eabi/lib/thumb/v6-m/nofp/libc.a(lib_a-memmove.o)
 .text          0x00000000000005c8        0x0 /home/botelhocpp/.platformio/packages/toolchain-gccarmnoneeabi/bin/../lib/gcc/arm-none-eabi/8.2.1/../../../../arm-none-eabi/lib/thumb/v6-m/nofp/libc.a(lib_a-reallocr.o)
 .text          0x00000000000005c8        0x0 /home/botelhocpp/.platformio/packages/toolchain-gccarmnoneeabi/bin/../lib/gcc/arm-none-eabi/8.2.1/../../../../arm-none-eabi/lib/thumb/v6-m/nofp/libc.a(lib_a-reent.o)
 .text          0x00000000000005c8       0x88 /home/botelhocpp/.platformio/packages/toolchain-gccarmnoneeabi/bin/../lib/gcc/arm-none-eabi/8.2.1/../../../../arm-none-eabi/lib/thumb/v6-m/nofp/libc.a(lib_a-strcmp.o)
                0x00000000000005c8                strcmp
 .text          0x0000000000000650        0x0 /home/botelhocpp/.platformio/packages/toolchain-gccarmnoneeabi/bin/../lib/gcc/arm-none-eabi/8.2.1/../../../../arm-none-eabi/lib/thumb/v6-m/nofp/libc.a(lib_a-wctomb_r.o)
 .text          0x0000000000000650        0x0 /home/botelhocpp/.platformio/packages/toolchain-gccarmnoneeabi/bin/../lib/gcc/arm-none-eabi/8.2.1/../../../../arm-none-eabi/lib/thumb/v6-m/nofp/libc.a(lib_a-ctype_.o)
 .text          0x0000000000000650      0x114 /home/botelhocpp/.platformio/packages/toolchain-gccarmnoneeabi/bin/../lib/gcc/arm-none-eabi/8.2.1/thumb/v6-m/nofp/libgcc.a(_udivsi3.o)
                0x0000000000000650                __udivsi3
                0x0000000000000650                __aeabi_uidiv
                0x000000000000075c                __aeabi_uidivmod
 .text          0x0000000000000764      0x1d4 /home/botelhocpp/.platformio/packages/toolchain-gccarmnoneeabi/bin/../lib/gcc/arm-none-eabi/8.2.1/thumb/v6-m/nofp/libgcc.a(_divsi3.o)
                0x0000000000000764                __aeabi_idiv
                0x0000000000000764                __divsi3
                0x0000000000000930                __aeabi_idivmod
 .text          0x0000000000000938        0x4 /home/botelhocpp/.platformio/packages/toolchain-gccarmnoneeabi/bin/../lib/gcc/arm-none-eabi/8.2.1/thumb/v6-m/nofp/libgcc.a(_dvmd_tls.o)
                0x0000000000000938                __aeabi_ldiv0
                0x0000000000000938                __aeabi_idiv0
 .text          0x000000000000093c       0x7c /home/botelhocpp/.platformio/packages/toolchain-gccarmnoneeabi/bin/../lib/gcc/arm-none-eabi/8.2.1/thumb/v6-m/nofp/libgcc.a(_arm_cmpdf2.o)
                0x000000000000093c                __aeabi_cdrcmple
                0x000000000000094c                __aeabi_cdcmple
                0x000000000000094c                __aeabi_cdcmpeq
                0x000000000000095c                __aeabi_dcmpeq
                0x0000000000000968                __aeabi_dcmplt
                0x000000000000097c                __aeabi_dcmple
                0x0000000000000990                __aeabi_dcmpgt
                0x00000000000009a4                __aeabi_dcmpge
 .text          0x00000000000009b8       0x40 /home/botelhocpp/.platformio/packages/toolchain-gccarmnoneeabi/bin/../lib/gcc/arm-none-eabi/8.2.1/thumb/v6-m/nofp/libgcc.a(_aeabi_uldivmod.o)
                0x00000000000009b8                __aeabi_uldivmod
 .text          0x00000000000009f8      0x1a4 /home/botelhocpp/.platformio/packages/toolchain-gccarmnoneeabi/bin/../lib/gcc/arm-none-eabi/8.2.1/thumb/v6-m/nofp/libgcc.a(_udivmoddi4.o)
                0x00000000000009f8                __udivmoddi4
 .text          0x0000000000000b9c      0x6ec /home/botelhocpp/.platformio/packages/toolchain-gccarmnoneeabi/bin/../lib/gcc/arm-none-eabi/8.2.1/thumb/v6-m/nofp/libgcc.a(adddf3.o)
                0x0000000000000b9c                __aeabi_dadd
 .text          0x0000000000001288      0x5ec /home/botelhocpp/.platformio/packages/toolchain-gccarmnoneeabi/bin/../lib/gcc/arm-none-eabi/8.2.1/thumb/v6-m/nofp/libgcc.a(divdf3.o)
                0x0000000000001288                __aeabi_ddiv
 .text          0x0000000000001874       0x80 /home/botelhocpp/.platformio/packages/toolchain-gccarmnoneeabi/bin/../lib/gcc/arm-none-eabi/8.2.1/thumb/v6-m/nofp/libgcc.a(eqdf2.o)
                0x0000000000001874                __eqdf2
                0x0000000000001874                __nedf2
 .text          0x00000000000018f4       0xc8 /home/botelhocpp/.platformio/packages/toolchain-gccarmnoneeabi/bin/../lib/gcc/arm-none-eabi/8.2.1/thumb/v6-m/nofp/libgcc.a(gedf2.o)
                0x00000000000018f4                __gtdf2
                0x00000000000018f4                __gedf2
 .text          0x00000000000019bc       0xc8 /home/botelhocpp/.platformio/packages/toolchain-gccarmnoneeabi/bin/../lib/gcc/arm-none-eabi/8.2.1/thumb/v6-m/nofp/libgcc.a(ledf2.o)
                0x00000000000019bc                __ltdf2
                0x00000000000019bc                __ledf2
 .text          0x0000000000001a84      0x510 /home/botelhocpp/.platformio/packages/toolchain-gccarmnoneeabi/bin/../lib/gcc/arm-none-eabi/8.2.1/thumb/v6-m/nofp/libgcc.a(muldf3.o)
                0x0000000000001a84                __aeabi_dmul
 .text          0x0000000000001f94      0x730 /home/botelhocpp/.platformio/packages/toolchain-gccarmnoneeabi/bin/../lib/gcc/arm-none-eabi/8.2.1/thumb/v6-m/nofp/libgcc.a(subdf3.o)
                0x0000000000001f94                __aeabi_dsub
 .text          0x00000000000026c4       0x38 /home/botelhocpp/.platformio/packages/toolchain-gccarmnoneeabi/bin/../lib/gcc/arm-none-eabi/8.2.1/thumb/v6-m/nofp/libgcc.a(unorddf2.o)
                0x00000000000026c4                __aeabi_dcmpun
 .text          0x00000000000026fc       0x6c /home/botelhocpp/.platformio/packages/toolchain-gccarmnoneeabi/bin/../lib/gcc/arm-none-eabi/8.2.1/thumb/v6-m/nofp/libgcc.a(fixdfsi.o)
                0x00000000000026fc                __aeabi_d2iz
 .text          0x0000000000002768       0x78 /home/botelhocpp/.platformio/packages/toolchain-gccarmnoneeabi/bin/../lib/gcc/arm-none-eabi/8.2.1/thumb/v6-m/nofp/libgcc.a(floatsidf.o)
                0x0000000000002768                __aeabi_i2d
 .text          0x00000000000027e0       0x64 /home/botelhocpp/.platformio/packages/toolchain-gccarmnoneeabi/bin/../lib/gcc/arm-none-eabi/8.2.1/thumb/v6-m/nofp/libgcc.a(floatunsidf.o)
                0x00000000000027e0                __aeabi_ui2d
 .text          0x0000000000002844       0x3c /home/botelhocpp/.platformio/packages/toolchain-gccarmnoneeabi/bin/../lib/gcc/arm-none-eabi/8.2.1/thumb/v6-m/nofp/libgcc.a(_clzsi2.o)
                0x0000000000002844                __clzsi2
 .text          0x0000000000002880       0x18 /home/botelhocpp/.platformio/packages/toolchain-gccarmnoneeabi/bin/../lib/gcc/arm-none-eabi/8.2.1/thumb/v6-m/nofp/libgcc.a(_clzdi2.o)
                0x0000000000002880                __clzdi2
 .text          0x0000000000002898        0x0 /home/botelhocpp/.platformio/packages/toolchain-gccarmnoneeabi/bin/../lib/gcc/arm-none-eabi/8.2.1/../../../../arm-none-eabi/lib/thumb/v6-m/nofp/libnosys.a(sbrk.o)
 .text          0x0000000000002898        0x0 /home/botelhocpp/.platformio/packages/toolchain-gccarmnoneeabi/bin/../lib/gcc/arm-none-eabi/8.2.1/../../../../arm-none-eabi/lib/thumb/v6-m/nofp/libnosys.a(_exit.o)
 .text          0x0000000000002898        0x0 /home/botelhocpp/.platformio/packages/toolchain-gccarmnoneeabi/bin/../lib/gcc/arm-none-eabi/8.2.1/thumb/v6-m/nofp/crtend.o
 .text          0x0000000000002898        0x0 /home/botelhocpp/.platformio/packages/toolchain-gccarmnoneeabi/bin/../lib/gcc/arm-none-eabi/8.2.1/thumb/v6-m/nofp/crtn.o
 *(.text*)
 .text.startup  0x0000000000002898      0x104 build/main.o
                0x0000000000002898                main
 .text.exit     0x000000000000299c       0x20 /home/botelhocpp/.platformio/packages/toolchain-gccarmnoneeabi/bin/../lib/gcc/arm-none-eabi/8.2.1/../../../../arm-none-eabi/lib/thumb/v6-m/nofp/libc.a(lib_a-exit.o)
                0x000000000000299c                exit
 .text.__libc_init_array
                0x00000000000029bc       0x44 /home/botelhocpp/.platformio/packages/toolchain-gccarmnoneeabi/bin/../lib/gcc/arm-none-eabi/8.2.1/../../../../arm-none-eabi/lib/thumb/v6-m/nofp/libc.a(lib_a-init.o)
                0x00000000000029bc                __libc_init_array
 .text.memset   0x0000000000002a00       0xa8 /home/botelhocpp/.platformio/packages/toolchain-gccarmnoneeabi/bin/../lib/gcc/arm-none-eabi/8.2.1/../../../../arm-none-eabi/lib/thumb/v6-m/nofp/libc.a(lib_a-memset.o)
                0x0000000000002a00                memset
 .text._sprintf_r
                0x0000000000002aa8       0x38 /home/botelhocpp/.platformio/packages/toolchain-gccarmnoneeabi/bin/../lib/gcc/arm-none-eabi/8.2.1/../../../../arm-none-eabi/lib/thumb/v6-m/nofp/libc.a(lib_a-sprintf.o)
                0x0000000000002aa8                _sprintf_r
 .text.sprintf  0x0000000000002ae0       0x40 /home/botelhocpp/.platformio/packages/toolchain-gccarmnoneeabi/bin/../lib/gcc/arm-none-eabi/8.2.1/../../../../arm-none-eabi/lib/thumb/v6-m/nofp/libc.a(lib_a-sprintf.o)
                0x0000000000002ae0                sprintf
 .text._svfprintf_r
                0x0000000000002b20     0x1bd4 /home/botelhocpp/.platformio/packages/toolchain-gccarmnoneeabi/bin/../lib/gcc/arm-none-eabi/8.2.1/../../../../arm-none-eabi/lib/thumb/v6-m/nofp/libc.a(lib_a-svfprintf.o)
                0x0000000000002b20                _svfprintf_r
 .text.startup.register_fini
                0x00000000000046f4       0x18 /home/botelhocpp/.platformio/packages/toolchain-gccarmnoneeabi/bin/../lib/gcc/arm-none-eabi/8.2.1/../../../../arm-none-eabi/lib/thumb/v6-m/nofp/libc.a(lib_a-__call_atexit.o)
 .text.__call_exitprocs
                0x000000000000470c       0xd4 /home/botelhocpp/.platformio/packages/toolchain-gccarmnoneeabi/bin/../lib/gcc/arm-none-eabi/8.2.1/../../../../arm-none-eabi/lib/thumb/v6-m/nofp/libc.a(lib_a-__call_atexit.o)
                0x000000000000470c                __call_exitprocs
 .text.atexit   0x00000000000047e0       0x10 /home/botelhocpp/.platformio/packages/toolchain-gccarmnoneeabi/bin/../lib/gcc/arm-none-eabi/8.2.1/../../../../arm-none-eabi/lib/thumb/v6-m/nofp/libc.a(lib_a-atexit.o)
                0x00000000000047e0                atexit
 .text.quorem   0x00000000000047f0      0x154 /home/botelhocpp/.platformio/packages/toolchain-gccarmnoneeabi/bin/../lib/gcc/arm-none-eabi/8.2.1/../../../../arm-none-eabi/lib/thumb/v6-m/nofp/libc.a(lib_a-dtoa.o)
 .text._dtoa_r  0x0000000000004944      0xf74 /home/botelhocpp/.platformio/packages/toolchain-gccarmnoneeabi/bin/../lib/gcc/arm-none-eabi/8.2.1/../../../../arm-none-eabi/lib/thumb/v6-m/nofp/libc.a(lib_a-dtoa.o)
                0x0000000000004944                _dtoa_r
 .text.__libc_fini_array
                0x00000000000058b8       0x28 /home/botelhocpp/.platformio/packages/toolchain-gccarmnoneeabi/bin/../lib/gcc/arm-none-eabi/8.2.1/../../../../arm-none-eabi/lib/thumb/v6-m/nofp/libc.a(lib_a-fini.o)
                0x00000000000058b8                __libc_fini_array
 .text._malloc_trim_r
                0x00000000000058e0       0xa0 /home/botelhocpp/.platformio/packages/toolchain-gccarmnoneeabi/bin/../lib/gcc/arm-none-eabi/8.2.1/../../../../arm-none-eabi/lib/thumb/v6-m/nofp/libc.a(lib_a-freer.o)
                0x00000000000058e0                _malloc_trim_r
 .text._free_r  0x0000000000005980      0x1dc /home/botelhocpp/.platformio/packages/toolchain-gccarmnoneeabi/bin/../lib/gcc/arm-none-eabi/8.2.1/../../../../arm-none-eabi/lib/thumb/v6-m/nofp/libc.a(lib_a-freer.o)
                0x0000000000005980                _free_r
 .text.__localeconv_l
                0x0000000000005b5c        0x4 /home/botelhocpp/.platformio/packages/toolchain-gccarmnoneeabi/bin/../lib/gcc/arm-none-eabi/8.2.1/../../../../arm-none-eabi/lib/thumb/v6-m/nofp/libc.a(lib_a-localeconv.o)
                0x0000000000005b5c                __localeconv_l
 .text._localeconv_r
                0x0000000000005b60        0x8 /home/botelhocpp/.platformio/packages/toolchain-gccarmnoneeabi/bin/../lib/gcc/arm-none-eabi/8.2.1/../../../../arm-none-eabi/lib/thumb/v6-m/nofp/libc.a(lib_a-localeconv.o)
                0x0000000000005b60                _localeconv_r
 .text.localeconv
                0x0000000000005b68        0x8 /home/botelhocpp/.platformio/packages/toolchain-gccarmnoneeabi/bin/../lib/gcc/arm-none-eabi/8.2.1/../../../../arm-none-eabi/lib/thumb/v6-m/nofp/libc.a(lib_a-localeconv.o)
                0x0000000000005b68                localeconv
 .text.__retarget_lock_init
                0x0000000000005b70        0x4 /home/botelhocpp/.platformio/packages/toolchain-gccarmnoneeabi/bin/../lib/gcc/arm-none-eabi/8.2.1/../../../../arm-none-eabi/lib/thumb/v6-m/nofp/libc.a(lib_a-lock.o)
                0x0000000000005b70                __retarget_lock_init
 .text.__retarget_lock_init_recursive
                0x0000000000005b74        0x4 /home/botelhocpp/.platformio/packages/toolchain-gccarmnoneeabi/bin/../lib/gcc/arm-none-eabi/8.2.1/../../../../arm-none-eabi/lib/thumb/v6-m/nofp/libc.a(lib_a-lock.o)
                0x0000000000005b74                __retarget_lock_init_recursive
 .text.__retarget_lock_close
                0x0000000000005b78        0x4 /home/botelhocpp/.platformio/packages/toolchain-gccarmnoneeabi/bin/../lib/gcc/arm-none-eabi/8.2.1/../../../../arm-none-eabi/lib/thumb/v6-m/nofp/libc.a(lib_a-lock.o)
                0x0000000000005b78                __retarget_lock_close
 .text.__retarget_lock_close_recursive
                0x0000000000005b7c        0x4 /home/botelhocpp/.platformio/packages/toolchain-gccarmnoneeabi/bin/../lib/gcc/arm-none-eabi/8.2.1/../../../../arm-none-eabi/lib/thumb/v6-m/nofp/libc.a(lib_a-lock.o)
                0x0000000000005b7c                __retarget_lock_close_recursive
 .text.__retarget_lock_acquire
                0x0000000000005b80        0x4 /home/botelhocpp/.platformio/packages/toolchain-gccarmnoneeabi/bin/../lib/gcc/arm-none-eabi/8.2.1/../../../../arm-none-eabi/lib/thumb/v6-m/nofp/libc.a(lib_a-lock.o)
                0x0000000000005b80                __retarget_lock_acquire
 .text.__retarget_lock_acquire_recursive
                0x0000000000005b84        0x4 /home/botelhocpp/.platformio/packages/toolchain-gccarmnoneeabi/bin/../lib/gcc/arm-none-eabi/8.2.1/../../../../arm-none-eabi/lib/thumb/v6-m/nofp/libc.a(lib_a-lock.o)
                0x0000000000005b84                __retarget_lock_acquire_recursive
 .text.__retarget_lock_try_acquire
                0x0000000000005b88        0x4 /home/botelhocpp/.platformio/packages/toolchain-gccarmnoneeabi/bin/../lib/gcc/arm-none-eabi/8.2.1/../../../../arm-none-eabi/lib/thumb/v6-m/nofp/libc.a(lib_a-lock.o)
                0x0000000000005b88                __retarget_lock_try_acquire
 .text.__retarget_lock_try_acquire_recursive
                0x0000000000005b8c        0x4 /home/botelhocpp/.platformio/packages/toolchain-gccarmnoneeabi/bin/../lib/gcc/arm-none-eabi/8.2.1/../../../../arm-none-eabi/lib/thumb/v6-m/nofp/libc.a(lib_a-lock.o)
                0x0000000000005b8c                __retarget_lock_try_acquire_recursive
 .text.__retarget_lock_release
                0x0000000000005b90        0x4 /home/botelhocpp/.platformio/packages/toolchain-gccarmnoneeabi/bin/../lib/gcc/arm-none-eabi/8.2.1/../../../../arm-none-eabi/lib/thumb/v6-m/nofp/libc.a(lib_a-lock.o)
                0x0000000000005b90                __retarget_lock_release
 .text.__retarget_lock_release_recursive
                0x0000000000005b94        0x4 /home/botelhocpp/.platformio/packages/toolchain-gccarmnoneeabi/bin/../lib/gcc/arm-none-eabi/8.2.1/../../../../arm-none-eabi/lib/thumb/v6-m/nofp/libc.a(lib_a-lock.o)
                0x0000000000005b94                __retarget_lock_release_recursive
 .text._malloc_r
                0x0000000000005b98      0x598 /home/botelhocpp/.platformio/packages/toolchain-gccarmnoneeabi/bin/../lib/gcc/arm-none-eabi/8.2.1/../../../../arm-none-eabi/lib/thumb/v6-m/nofp/libc.a(lib_a-mallocr.o)
                0x0000000000005b98                _malloc_r
 .text.memchr   0x0000000000006130       0x80 /home/botelhocpp/.platformio/packages/toolchain-gccarmnoneeabi/bin/../lib/gcc/arm-none-eabi/8.2.1/../../../../arm-none-eabi/lib/thumb/v6-m/nofp/libc.a(lib_a-memchr-stub.o)
                0x0000000000006130                memchr
 .text.memcpy   0x00000000000061b0       0xa4 /home/botelhocpp/.platformio/packages/toolchain-gccarmnoneeabi/bin/../lib/gcc/arm-none-eabi/8.2.1/../../../../arm-none-eabi/lib/thumb/v6-m/nofp/libc.a(lib_a-memcpy-stub.o)
                0x00000000000061b0                memcpy
 .text.__malloc_lock
                0x0000000000006254       0x10 /home/botelhocpp/.platformio/packages/toolchain-gccarmnoneeabi/bin/../lib/gcc/arm-none-eabi/8.2.1/../../../../arm-none-eabi/lib/thumb/v6-m/nofp/libc.a(lib_a-mlock.o)
                0x0000000000006254                __malloc_lock
 .text.__malloc_unlock
                0x0000000000006264       0x10 /home/botelhocpp/.platformio/packages/toolchain-gccarmnoneeabi/bin/../lib/gcc/arm-none-eabi/8.2.1/../../../../arm-none-eabi/lib/thumb/v6-m/nofp/libc.a(lib_a-mlock.o)
                0x0000000000006264                __malloc_unlock
 .text._Balloc  0x0000000000006274       0x50 /home/botelhocpp/.platformio/packages/toolchain-gccarmnoneeabi/bin/../lib/gcc/arm-none-eabi/8.2.1/../../../../arm-none-eabi/lib/thumb/v6-m/nofp/libc.a(lib_a-mprec.o)
                0x0000000000006274                _Balloc
 .text._Bfree   0x00000000000062c4       0x14 /home/botelhocpp/.platformio/packages/toolchain-gccarmnoneeabi/bin/../lib/gcc/arm-none-eabi/8.2.1/../../../../arm-none-eabi/lib/thumb/v6-m/nofp/libc.a(lib_a-mprec.o)
                0x00000000000062c4                _Bfree
 .text.__multadd
                0x00000000000062d8       0x98 /home/botelhocpp/.platformio/packages/toolchain-gccarmnoneeabi/bin/../lib/gcc/arm-none-eabi/8.2.1/../../../../arm-none-eabi/lib/thumb/v6-m/nofp/libc.a(lib_a-mprec.o)
                0x00000000000062d8                __multadd
 .text.__s2b    0x0000000000006370       0x94 /home/botelhocpp/.platformio/packages/toolchain-gccarmnoneeabi/bin/../lib/gcc/arm-none-eabi/8.2.1/../../../../arm-none-eabi/lib/thumb/v6-m/nofp/libc.a(lib_a-mprec.o)
                0x0000000000006370                __s2b
 .text.__hi0bits
                0x0000000000006404       0x38 /home/botelhocpp/.platformio/packages/toolchain-gccarmnoneeabi/bin/../lib/gcc/arm-none-eabi/8.2.1/../../../../arm-none-eabi/lib/thumb/v6-m/nofp/libc.a(lib_a-mprec.o)
                0x0000000000006404                __hi0bits
 .text.__lo0bits
                0x000000000000643c       0x5c /home/botelhocpp/.platformio/packages/toolchain-gccarmnoneeabi/bin/../lib/gcc/arm-none-eabi/8.2.1/../../../../arm-none-eabi/lib/thumb/v6-m/nofp/libc.a(lib_a-mprec.o)
                0x000000000000643c                __lo0bits
 .text.__i2b    0x0000000000006498       0x14 /home/botelhocpp/.platformio/packages/toolchain-gccarmnoneeabi/bin/../lib/gcc/arm-none-eabi/8.2.1/../../../../arm-none-eabi/lib/thumb/v6-m/nofp/libc.a(lib_a-mprec.o)
                0x0000000000006498                __i2b
 .text.__multiply
                0x00000000000064ac      0x170 /home/botelhocpp/.platformio/packages/toolchain-gccarmnoneeabi/bin/../lib/gcc/arm-none-eabi/8.2.1/../../../../arm-none-eabi/lib/thumb/v6-m/nofp/libc.a(lib_a-mprec.o)
                0x00000000000064ac                __multiply
 .text.__pow5mult
                0x000000000000661c       0xbc /home/botelhocpp/.platformio/packages/toolchain-gccarmnoneeabi/bin/../lib/gcc/arm-none-eabi/8.2.1/../../../../arm-none-eabi/lib/thumb/v6-m/nofp/libc.a(lib_a-mprec.o)
                0x000000000000661c                __pow5mult
 .text.__lshift
                0x00000000000066d8       0xcc /home/botelhocpp/.platformio/packages/toolchain-gccarmnoneeabi/bin/../lib/gcc/arm-none-eabi/8.2.1/../../../../arm-none-eabi/lib/thumb/v6-m/nofp/libc.a(lib_a-mprec.o)
                0x00000000000066d8                __lshift
 .text.__mcmp   0x00000000000067a4       0x34 /home/botelhocpp/.platformio/packages/toolchain-gccarmnoneeabi/bin/../lib/gcc/arm-none-eabi/8.2.1/../../../../arm-none-eabi/lib/thumb/v6-m/nofp/libc.a(lib_a-mprec.o)
                0x00000000000067a4                __mcmp
 .text.__mdiff  0x00000000000067d8      0x118 /home/botelhocpp/.platformio/packages/toolchain-gccarmnoneeabi/bin/../lib/gcc/arm-none-eabi/8.2.1/../../../../arm-none-eabi/lib/thumb/v6-m/nofp/libc.a(lib_a-mprec.o)
                0x00000000000067d8                __mdiff
 .text.__ulp    0x00000000000068f0       0x48 /home/botelhocpp/.platformio/packages/toolchain-gccarmnoneeabi/bin/../lib/gcc/arm-none-eabi/8.2.1/../../../../arm-none-eabi/lib/thumb/v6-m/nofp/libc.a(lib_a-mprec.o)
                0x00000000000068f0                __ulp
 .text.__b2d    0x0000000000006938       0xb8 /home/botelhocpp/.platformio/packages/toolchain-gccarmnoneeabi/bin/../lib/gcc/arm-none-eabi/8.2.1/../../../../arm-none-eabi/lib/thumb/v6-m/nofp/libc.a(lib_a-mprec.o)
                0x0000000000006938                __b2d
 .text.__d2b    0x00000000000069f0       0xbc /home/botelhocpp/.platformio/packages/toolchain-gccarmnoneeabi/bin/../lib/gcc/arm-none-eabi/8.2.1/../../../../arm-none-eabi/lib/thumb/v6-m/nofp/libc.a(lib_a-mprec.o)
                0x00000000000069f0                __d2b
 .text.__ratio  0x0000000000006aac       0x74 /home/botelhocpp/.platformio/packages/toolchain-gccarmnoneeabi/bin/../lib/gcc/arm-none-eabi/8.2.1/../../../../arm-none-eabi/lib/thumb/v6-m/nofp/libc.a(lib_a-mprec.o)
                0x0000000000006aac                __ratio
 .text._mprec_log10
                0x0000000000006b20       0x34 /home/botelhocpp/.platformio/packages/toolchain-gccarmnoneeabi/bin/../lib/gcc/arm-none-eabi/8.2.1/../../../../arm-none-eabi/lib/thumb/v6-m/nofp/libc.a(lib_a-mprec.o)
                0x0000000000006b20                _mprec_log10
 .text.__copybits
                0x0000000000006b54       0x40 /home/botelhocpp/.platformio/packages/toolchain-gccarmnoneeabi/bin/../lib/gcc/arm-none-eabi/8.2.1/../../../../arm-none-eabi/lib/thumb/v6-m/nofp/libc.a(lib_a-mprec.o)
                0x0000000000006b54                __copybits
 .text.__any_on
                0x0000000000006b94       0x58 /home/botelhocpp/.platformio/packages/toolchain-gccarmnoneeabi/bin/../lib/gcc/arm-none-eabi/8.2.1/../../../../arm-none-eabi/lib/thumb/v6-m/nofp/libc.a(lib_a-mprec.o)
                0x0000000000006b94                __any_on
 .text.frexp    0x0000000000006bec       0x64 /home/botelhocpp/.platformio/packages/toolchain-gccarmnoneeabi/bin/../lib/gcc/arm-none-eabi/8.2.1/../../../../arm-none-eabi/lib/thumb/v6-m/nofp/libc.a(lib_a-s_frexp.o)
                0x0000000000006bec                frexp
 .text._sbrk_r  0x0000000000006c50       0x24 /home/botelhocpp/.platformio/packages/toolchain-gccarmnoneeabi/bin/../lib/gcc/arm-none-eabi/8.2.1/../../../../arm-none-eabi/lib/thumb/v6-m/nofp/libc.a(lib_a-sbrkr.o)
                0x0000000000006c50                _sbrk_r
 .text.strlen   0x0000000000006c74       0x68 /home/botelhocpp/.platformio/packages/toolchain-gccarmnoneeabi/bin/../lib/gcc/arm-none-eabi/8.2.1/../../../../arm-none-eabi/lib/thumb/v6-m/nofp/libc.a(lib_a-strlen-stub.o)
                0x0000000000006c74                strlen
 .text.strncpy  0x0000000000006cdc       0x80 /home/botelhocpp/.platformio/packages/toolchain-gccarmnoneeabi/bin/../lib/gcc/arm-none-eabi/8.2.1/../../../../arm-none-eabi/lib/thumb/v6-m/nofp/libc.a(lib_a-strncpy.o)
                0x0000000000006cdc                strncpy
 .text.__ssprint_r
                0x0000000000006d5c      0x114 /home/botelhocpp/.platformio/packages/toolchain-gccarmnoneeabi/bin/../lib/gcc/arm-none-eabi/8.2.1/../../../../arm-none-eabi/lib/thumb/v6-m/nofp/libc.a(lib_a-svfiprintf.o)
                0x0000000000006d5c                __ssprint_r
 .text._svfiprintf_r
                0x0000000000006e70      0xc04 /home/botelhocpp/.platformio/packages/toolchain-gccarmnoneeabi/bin/../lib/gcc/arm-none-eabi/8.2.1/../../../../arm-none-eabi/lib/thumb/v6-m/nofp/libc.a(lib_a-svfiprintf.o)
                0x0000000000006e70                _svfiprintf_r
 .text.__register_exitproc
                0x0000000000007a74       0xc0 /home/botelhocpp/.platformio/packages/toolchain-gccarmnoneeabi/bin/../lib/gcc/arm-none-eabi/8.2.1/../../../../arm-none-eabi/lib/thumb/v6-m/nofp/libc.a(lib_a-__atexit.o)
                0x0000000000007a74                __register_exitproc
 .text._calloc_r
                0x0000000000007b34       0x5c /home/botelhocpp/.platformio/packages/toolchain-gccarmnoneeabi/bin/../lib/gcc/arm-none-eabi/8.2.1/../../../../arm-none-eabi/lib/thumb/v6-m/nofp/libc.a(lib_a-callocr.o)
                0x0000000000007b34                _calloc_r
 .text._setlocale_r
                0x0000000000007b90       0x44 /home/botelhocpp/.platformio/packages/toolchain-gccarmnoneeabi/bin/../lib/gcc/arm-none-eabi/8.2.1/../../../../arm-none-eabi/lib/thumb/v6-m/nofp/libc.a(lib_a-locale.o)
                0x0000000000007b90                _setlocale_r
 .text.__locale_mb_cur_max
                0x0000000000007bd4       0x10 /home/botelhocpp/.platformio/packages/toolchain-gccarmnoneeabi/bin/../lib/gcc/arm-none-eabi/8.2.1/../../../../arm-none-eabi/lib/thumb/v6-m/nofp/libc.a(lib_a-locale.o)
                0x0000000000007bd4                __locale_mb_cur_max
 .text.setlocale
                0x0000000000007be4       0x18 /home/botelhocpp/.platformio/packages/toolchain-gccarmnoneeabi/bin/../lib/gcc/arm-none-eabi/8.2.1/../../../../arm-none-eabi/lib/thumb/v6-m/nofp/libc.a(lib_a-locale.o)
                0x0000000000007be4                setlocale
 .text._mbtowc_r
                0x0000000000007bfc       0x18 /home/botelhocpp/.platformio/packages/toolchain-gccarmnoneeabi/bin/../lib/gcc/arm-none-eabi/8.2.1/../../../../arm-none-eabi/lib/thumb/v6-m/nofp/libc.a(lib_a-mbtowc_r.o)
                0x0000000000007bfc                _mbtowc_r
 .text.__ascii_mbtowc
                0x0000000000007c14       0x2c /home/botelhocpp/.platformio/packages/toolchain-gccarmnoneeabi/bin/../lib/gcc/arm-none-eabi/8.2.1/../../../../arm-none-eabi/lib/thumb/v6-m/nofp/libc.a(lib_a-mbtowc_r.o)
                0x0000000000007c14                __ascii_mbtowc
 .text.memmove  0x0000000000007c40       0xb0 /home/botelhocpp/.platformio/packages/toolchain-gccarmnoneeabi/bin/../lib/gcc/arm-none-eabi/8.2.1/../../../../arm-none-eabi/lib/thumb/v6-m/nofp/libc.a(lib_a-memmove.o)
                0x0000000000007c40                memmove
 .text._realloc_r
                0x0000000000007cf0      0x35c /home/botelhocpp/.platformio/packages/toolchain-gccarmnoneeabi/bin/../lib/gcc/arm-none-eabi/8.2.1/../../../../arm-none-eabi/lib/thumb/v6-m/nofp/libc.a(lib_a-reallocr.o)
                0x0000000000007cf0                _realloc_r
 .text.cleanup_glue
                0x000000000000804c       0x1c /home/botelhocpp/.platformio/packages/toolchain-gccarmnoneeabi/bin/../lib/gcc/arm-none-eabi/8.2.1/../../../../arm-none-eabi/lib/thumb/v6-m/nofp/libc.a(lib_a-reent.o)
                0x000000000000804c                cleanup_glue
 .text._reclaim_reent
                0x0000000000008068       0x94 /home/botelhocpp/.platformio/packages/toolchain-gccarmnoneeabi/bin/../lib/gcc/arm-none-eabi/8.2.1/../../../../arm-none-eabi/lib/thumb/v6-m/nofp/libc.a(lib_a-reent.o)
                0x0000000000008068                _reclaim_reent
 .text._wctomb_r
                0x00000000000080fc       0x10 /home/botelhocpp/.platformio/packages/toolchain-gccarmnoneeabi/bin/../lib/gcc/arm-none-eabi/8.2.1/../../../../arm-none-eabi/lib/thumb/v6-m/nofp/libc.a(lib_a-wctomb_r.o)
                0x00000000000080fc                _wctomb_r
 .text.__ascii_wctomb
                0x000000000000810c       0x1c /home/botelhocpp/.platformio/packages/toolchain-gccarmnoneeabi/bin/../lib/gcc/arm-none-eabi/8.2.1/../../../../arm-none-eabi/lib/thumb/v6-m/nofp/libc.a(lib_a-wctomb_r.o)
                0x000000000000810c                __ascii_wctomb
 .text._sbrk    0x0000000000008128       0x1c /home/botelhocpp/.platformio/packages/toolchain-gccarmnoneeabi/bin/../lib/gcc/arm-none-eabi/8.2.1/../../../../arm-none-eabi/lib/thumb/v6-m/nofp/libnosys.a(sbrk.o)
                0x0000000000008128                _sbrk
 .text._exit    0x0000000000008144        0x4 /home/botelhocpp/.platformio/packages/toolchain-gccarmnoneeabi/bin/../lib/gcc/arm-none-eabi/8.2.1/../../../../arm-none-eabi/lib/thumb/v6-m/nofp/libnosys.a(_exit.o)
                0x0000000000008144                _exit
 *(.rodata)
 .rodata        0x0000000000008148       0x40 /home/botelhocpp/.platformio/packages/toolchain-gccarmnoneeabi/bin/../lib/gcc/arm-none-eabi/8.2.1/thumb/v6-m/nofp/libgcc.a(divdf3.o)
 .rodata        0x0000000000008188       0x40 /home/botelhocpp/.platformio/packages/toolchain-gccarmnoneeabi/bin/../lib/gcc/arm-none-eabi/8.2.1/thumb/v6-m/nofp/libgcc.a(muldf3.o)
 *(.rodata*)
 .rodata.str1.1
                0x00000000000081c8       0x1a build/main.o
 *fill*         0x00000000000081e2        0x2 
 .rodata._global_impure_ptr
                0x00000000000081e4        0x4 /home/botelhocpp/.platformio/packages/toolchain-gccarmnoneeabi/bin/../lib/gcc/arm-none-eabi/8.2.1/../../../../arm-none-eabi/lib/thumb/v6-m/nofp/libc.a(lib_a-impure.o)
                0x00000000000081e4                _global_impure_ptr
 .rodata._svfprintf_r
                0x00000000000081e8      0x16c /home/botelhocpp/.platformio/packages/toolchain-gccarmnoneeabi/bin/../lib/gcc/arm-none-eabi/8.2.1/../../../../arm-none-eabi/lib/thumb/v6-m/nofp/libc.a(lib_a-svfprintf.o)
 .rodata._svfprintf_r.str1.4
                0x0000000000008354       0x42 /home/botelhocpp/.platformio/packages/toolchain-gccarmnoneeabi/bin/../lib/gcc/arm-none-eabi/8.2.1/../../../../arm-none-eabi/lib/thumb/v6-m/nofp/libc.a(lib_a-svfprintf.o)
 *fill*         0x0000000000008396        0x2 
 .rodata.blanks.7365
                0x0000000000008398       0x10 /home/botelhocpp/.platformio/packages/toolchain-gccarmnoneeabi/bin/../lib/gcc/arm-none-eabi/8.2.1/../../../../arm-none-eabi/lib/thumb/v6-m/nofp/libc.a(lib_a-svfprintf.o)
 .rodata.zeroes.7366
                0x00000000000083a8       0x10 /home/botelhocpp/.platformio/packages/toolchain-gccarmnoneeabi/bin/../lib/gcc/arm-none-eabi/8.2.1/../../../../arm-none-eabi/lib/thumb/v6-m/nofp/libc.a(lib_a-svfprintf.o)
 .rodata._dtoa_r.str1.4
                0x00000000000083b8        0xd /home/botelhocpp/.platformio/packages/toolchain-gccarmnoneeabi/bin/../lib/gcc/arm-none-eabi/8.2.1/../../../../arm-none-eabi/lib/thumb/v6-m/nofp/libc.a(lib_a-dtoa.o)
                                         0x12 (size before relaxing)
 *fill*         0x00000000000083c5        0x3 
 .rodata.__mprec_bigtens
                0x00000000000083c8       0x28 /home/botelhocpp/.platformio/packages/toolchain-gccarmnoneeabi/bin/../lib/gcc/arm-none-eabi/8.2.1/../../../../arm-none-eabi/lib/thumb/v6-m/nofp/libc.a(lib_a-mprec.o)
                0x00000000000083c8                __mprec_bigtens
 .rodata.__mprec_tens
                0x00000000000083f0       0xc8 /home/botelhocpp/.platformio/packages/toolchain-gccarmnoneeabi/bin/../lib/gcc/arm-none-eabi/8.2.1/../../../../arm-none-eabi/lib/thumb/v6-m/nofp/libc.a(lib_a-mprec.o)
                0x00000000000083f0                __mprec_tens
 .rodata.__mprec_tinytens
                0x00000000000084b8       0x28 /home/botelhocpp/.platformio/packages/toolchain-gccarmnoneeabi/bin/../lib/gcc/arm-none-eabi/8.2.1/../../../../arm-none-eabi/lib/thumb/v6-m/nofp/libc.a(lib_a-mprec.o)
                0x00000000000084b8                __mprec_tinytens
 .rodata.p05.6135
                0x00000000000084e0        0xc /home/botelhocpp/.platformio/packages/toolchain-gccarmnoneeabi/bin/../lib/gcc/arm-none-eabi/8.2.1/../../../../arm-none-eabi/lib/thumb/v6-m/nofp/libc.a(lib_a-mprec.o)
 .rodata._svfiprintf_r
                0x00000000000084ec      0x16c /home/botelhocpp/.platformio/packages/toolchain-gccarmnoneeabi/bin/../lib/gcc/arm-none-eabi/8.2.1/../../../../arm-none-eabi/lib/thumb/v6-m/nofp/libc.a(lib_a-svfiprintf.o)
 .rodata._svfiprintf_r.str1.4
                0x0000000000008658       0x2f /home/botelhocpp/.platformio/packages/toolchain-gccarmnoneeabi/bin/../lib/gcc/arm-none-eabi/8.2.1/../../../../arm-none-eabi/lib/thumb/v6-m/nofp/libc.a(lib_a-svfiprintf.o)
 .rodata.blanks.7344
                0x0000000000008658       0x10 /home/botelhocpp/.platformio/packages/toolchain-gccarmnoneeabi/bin/../lib/gcc/arm-none-eabi/8.2.1/../../../../arm-none-eabi/lib/thumb/v6-m/nofp/libc.a(lib_a-svfiprintf.o)
 .rodata.zeroes.7345
                0x0000000000008668       0x10 /home/botelhocpp/.platformio/packages/toolchain-gccarmnoneeabi/bin/../lib/gcc/arm-none-eabi/8.2.1/../../../../arm-none-eabi/lib/thumb/v6-m/nofp/libc.a(lib_a-svfiprintf.o)
 .rodata._setlocale_r.str1.4
                0x0000000000008678        0xa /home/botelhocpp/.platformio/packages/toolchain-gccarmnoneeabi/bin/../lib/gcc/arm-none-eabi/8.2.1/../../../../arm-none-eabi/lib/thumb/v6-m/nofp/libc.a(lib_a-locale.o)
                                          0xd (size before relaxing)
 *fill*         0x0000000000008682        0x2 
 .rodata.str1.4
                0x0000000000008684        0x4 /home/botelhocpp/.platformio/packages/toolchain-gccarmnoneeabi/bin/../lib/gcc/arm-none-eabi/8.2.1/../../../../arm-none-eabi/lib/thumb/v6-m/nofp/libc.a(lib_a-locale.o)
                                          0x2 (size before relaxing)
 .rodata._ctype_
                0x0000000000008688      0x101 /home/botelhocpp/.platformio/packages/toolchain-gccarmnoneeabi/bin/../lib/gcc/arm-none-eabi/8.2.1/../../../../arm-none-eabi/lib/thumb/v6-m/nofp/libc.a(lib_a-ctype_.o)
                0x0000000000008688                _ctype_
 *(.glue_7)
 .glue_7        0x0000000000008789        0x0 linker stubs
 *(.glue_7t)
 .glue_7t       0x0000000000008789        0x0 linker stubs
 *(.eh_frame)
 *fill*         0x0000000000008789        0x3 
 .eh_frame      0x000000000000878c        0x0 /home/botelhocpp/.platformio/packages/toolchain-gccarmnoneeabi/bin/../lib/gcc/arm-none-eabi/8.2.1/thumb/v6-m/nofp/crtbegin.o
 .eh_frame      0x000000000000878c        0x4 /home/botelhocpp/.platformio/packages/toolchain-gccarmnoneeabi/bin/../lib/gcc/arm-none-eabi/8.2.1/thumb/v6-m/nofp/crtend.o
 *(.init)
 .init          0x0000000000008790        0x4 /home/botelhocpp/.platformio/packages/toolchain-gccarmnoneeabi/bin/../lib/gcc/arm-none-eabi/8.2.1/thumb/v6-m/nofp/crti.o
                0x0000000000008790                _init
 .init          0x0000000000008794        0x8 /home/botelhocpp/.platformio/packages/toolchain-gccarmnoneeabi/bin/../lib/gcc/arm-none-eabi/8.2.1/thumb/v6-m/nofp/crtn.o
 *(.fini)
 .fini          0x000000000000879c        0x4 /home/botelhocpp/.platformio/packages/toolchain-gccarmnoneeabi/bin/../lib/gcc/arm-none-eabi/8.2.1/thumb/v6-m/nofp/crti.o
                0x000000000000879c                _fini
 .fini          0x00000000000087a0        0x8 /home/botelhocpp/.platformio/packages/toolchain-gccarmnoneeabi/bin/../lib/gcc/arm-none-eabi/8.2.1/thumb/v6-m/nofp/crtn.o
                0x00000000000087a8                . = ALIGN (0x4)

.vfp11_veneer   0x00000000000087a8        0x0
 .vfp11_veneer  0x00000000000087a8        0x0 linker stubs

.v4_bx          0x00000000000087a8        0x0
 .v4_bx         0x00000000000087a8        0x0 linker stubs

.iplt           0x00000000000087a8        0x0
 .iplt          0x00000000000087a8        0x0 /home/botelhocpp/.platformio/packages/toolchain-gccarmnoneeabi/bin/../lib/gcc/arm-none-eabi/8.2.1/thumb/v6-m/nofp/crtbegin.o

.ARM.extab      0x00000000000087a8        0x0
 *(.ARM.extab* .gnu.linkonce.armextab.*)
 .ARM.extab     0x00000000000087a8        0x0 /home/botelhocpp/.platformio/packages/toolchain-gccarmnoneeabi/bin/../lib/gcc/arm-none-eabi/8.2.1/../../../../arm-none-eabi/lib/thumb/v6-m/nofp/crt0.o
 .ARM.extab     0x00000000000087a8        0x0 /home/botelhocpp/.platformio/packages/toolchain-gccarmnoneeabi/bin/../lib/gcc/arm-none-eabi/8.2.1/thumb/v6-m/nofp/libgcc.a(_udivmoddi4.o)

.ARM            0x00000000000087a8        0x8
                0x00000000000087a8                __exidx_start = .
 *(.ARM.exidx*)
 .ARM.exidx     0x00000000000087a8        0x8 /home/botelhocpp/.platformio/packages/toolchain-gccarmnoneeabi/bin/../lib/gcc/arm-none-eabi/8.2.1/../../../../arm-none-eabi/lib/thumb/v6-m/nofp/crt0.o
 .ARM.exidx     0x00000000000087b0        0x0 /home/botelhocpp/.platformio/packages/toolchain-gccarmnoneeabi/bin/../lib/gcc/arm-none-eabi/8.2.1/thumb/v6-m/nofp/libgcc.a(_udivmoddi4.o)
                                          0x8 (size before relaxing)
                0x00000000000087b0                __exidx_end = .

.rel.dyn        0x00000000000087b0        0x0
 .rel.iplt      0x00000000000087b0        0x0 /home/botelhocpp/.platformio/packages/toolchain-gccarmnoneeabi/bin/../lib/gcc/arm-none-eabi/8.2.1/thumb/v6-m/nofp/crtbegin.o

.ctors          0x00000000000087b0        0x0
                0x00000000000087b0                __CTOR_LIST__ = .
 *crtbegin.o(.ctors)
 *crtbegin?.o(.ctors)
 *(EXCLUDE_FILE(*crtend.o *crtend?.o) .ctors)
 *(SORT_BY_NAME(.ctors.*))
 *(.ctors)
                0x00000000000087b0                __CTOR_END__ = .

.dtors          0x00000000000087b0        0x0
                0x00000000000087b0                __DTOR_LIST__ = .
 *crtbegin.o(.dtors)
 *crtbegin?.o(.dtors)
 *(EXCLUDE_FILE(*crtend.o *crtend?.o) .dtors)
 *(SORT_BY_NAME(.dtors.*))
 *(.dtors)
                0x00000000000087b0                __DTOR_END__ = .

.preinit_array  0x00000000000087b0        0x0
                0x00000000000087b0                PROVIDE (__preinit_array_start = .)
 *(.preinit_array*)
                0x00000000000087b0                PROVIDE (__preinit_array_end = .)

.init_array     0x00000000000087b0        0x8
                0x00000000000087b0                PROVIDE (__init_array_start = .)
 *(SORT_BY_NAME(.init_array.*))
 .init_array.00000
                0x00000000000087b0        0x4 /home/botelhocpp/.platformio/packages/toolchain-gccarmnoneeabi/bin/../lib/gcc/arm-none-eabi/8.2.1/../../../../arm-none-eabi/lib/thumb/v6-m/nofp/libc.a(lib_a-__call_atexit.o)
 *(.init_array*)
 .init_array    0x00000000000087b4        0x4 /home/botelhocpp/.platformio/packages/toolchain-gccarmnoneeabi/bin/../lib/gcc/arm-none-eabi/8.2.1/thumb/v6-m/nofp/crtbegin.o
                0x00000000000087b8                PROVIDE (__init_array_end = .)

.fini_array     0x00000000000087b8        0x4
                0x00000000000087b8                PROVIDE (__fini_array_start = .)
 *(SORT_BY_NAME(.fini_array.*))
 *(.fini_array*)
 .fini_array    0x00000000000087b8        0x4 /home/botelhocpp/.platformio/packages/toolchain-gccarmnoneeabi/bin/../lib/gcc/arm-none-eabi/8.2.1/thumb/v6-m/nofp/crtbegin.o
                0x00000000000087bc                PROVIDE (__fini_array_end = .)
                0x00000000000087bc                __etext = .
                0x00000000000087bc                __DATA_ROM = .

.mtb            0x000000001fffe000        0x0
                0x000000001fffe000                . = ALIGN (0x8)
                0x000000001fffe000                _mtb_start = .
 *(.mtb_buf)
                0x000000001fffe000                . = ALIGN (0x8)
                0x000000001fffe000                _mtb_end = .

.data           0x000000001fffe000      0x9b0 load address 0x00000000000087bc
                0x000000001fffe000                . = ALIGN (0x4)
                0x000000001fffe000                __DATA_RAM = .
                0x000000001fffe000                __data_start__ = .
 *(.data)
 .data          0x000000001fffe000        0x0 /home/botelhocpp/.platformio/packages/toolchain-gccarmnoneeabi/bin/../lib/gcc/arm-none-eabi/8.2.1/thumb/v6-m/nofp/crti.o
 .data          0x000000001fffe000        0x4 /home/botelhocpp/.platformio/packages/toolchain-gccarmnoneeabi/bin/../lib/gcc/arm-none-eabi/8.2.1/thumb/v6-m/nofp/crtbegin.o
                0x000000001fffe000                __dso_handle
 .data          0x000000001fffe004        0x0 /home/botelhocpp/.platformio/packages/toolchain-gccarmnoneeabi/bin/../lib/gcc/arm-none-eabi/8.2.1/../../../../arm-none-eabi/lib/thumb/v6-m/nofp/crt0.o
 .data          0x000000001fffe004        0x0 build/start.o
 .data          0x000000001fffe004        0x0 build/main.o
 .data          0x000000001fffe004        0x0 /home/botelhocpp/.platformio/packages/toolchain-gccarmnoneeabi/bin/../lib/gcc/arm-none-eabi/8.2.1/../../../../arm-none-eabi/lib/thumb/v6-m/nofp/libc.a(lib_a-exit.o)
 .data          0x000000001fffe004        0x0 /home/botelhocpp/.platformio/packages/toolchain-gccarmnoneeabi/bin/../lib/gcc/arm-none-eabi/8.2.1/../../../../arm-none-eabi/lib/thumb/v6-m/nofp/libc.a(lib_a-impure.o)
 .data          0x000000001fffe004        0x0 /home/botelhocpp/.platformio/packages/toolchain-gccarmnoneeabi/bin/../lib/gcc/arm-none-eabi/8.2.1/../../../../arm-none-eabi/lib/thumb/v6-m/nofp/libc.a(lib_a-init.o)
 .data          0x000000001fffe004        0x0 /home/botelhocpp/.platformio/packages/toolchain-gccarmnoneeabi/bin/../lib/gcc/arm-none-eabi/8.2.1/../../../../arm-none-eabi/lib/thumb/v6-m/nofp/libc.a(lib_a-memset.o)
 .data          0x000000001fffe004        0x0 /home/botelhocpp/.platformio/packages/toolchain-gccarmnoneeabi/bin/../lib/gcc/arm-none-eabi/8.2.1/../../../../arm-none-eabi/lib/thumb/v6-m/nofp/libc.a(lib_a-sprintf.o)
 .data          0x000000001fffe004        0x0 /home/botelhocpp/.platformio/packages/toolchain-gccarmnoneeabi/bin/../lib/gcc/arm-none-eabi/8.2.1/../../../../arm-none-eabi/lib/thumb/v6-m/nofp/libc.a(lib_a-svfprintf.o)
 .data          0x000000001fffe004        0x0 /home/botelhocpp/.platformio/packages/toolchain-gccarmnoneeabi/bin/../lib/gcc/arm-none-eabi/8.2.1/../../../../arm-none-eabi/lib/thumb/v6-m/nofp/libc.a(lib_a-__call_atexit.o)
 .data          0x000000001fffe004        0x0 /home/botelhocpp/.platformio/packages/toolchain-gccarmnoneeabi/bin/../lib/gcc/arm-none-eabi/8.2.1/../../../../arm-none-eabi/lib/thumb/v6-m/nofp/libc.a(lib_a-atexit.o)
 .data          0x000000001fffe004        0x0 /home/botelhocpp/.platformio/packages/toolchain-gccarmnoneeabi/bin/../lib/gcc/arm-none-eabi/8.2.1/../../../../arm-none-eabi/lib/thumb/v6-m/nofp/libc.a(lib_a-dtoa.o)
 .data          0x000000001fffe004        0x0 /home/botelhocpp/.platformio/packages/toolchain-gccarmnoneeabi/bin/../lib/gcc/arm-none-eabi/8.2.1/../../../../arm-none-eabi/lib/thumb/v6-m/nofp/libc.a(lib_a-fini.o)
 .data          0x000000001fffe004        0x0 /home/botelhocpp/.platformio/packages/toolchain-gccarmnoneeabi/bin/../lib/gcc/arm-none-eabi/8.2.1/../../../../arm-none-eabi/lib/thumb/v6-m/nofp/libc.a(lib_a-freer.o)
 .data          0x000000001fffe004        0x0 /home/botelhocpp/.platformio/packages/toolchain-gccarmnoneeabi/bin/../lib/gcc/arm-none-eabi/8.2.1/../../../../arm-none-eabi/lib/thumb/v6-m/nofp/libc.a(lib_a-localeconv.o)
 .data          0x000000001fffe004        0x0 /home/botelhocpp/.platformio/packages/toolchain-gccarmnoneeabi/bin/../lib/gcc/arm-none-eabi/8.2.1/../../../../arm-none-eabi/lib/thumb/v6-m/nofp/libc.a(lib_a-lock.o)
 .data          0x000000001fffe004        0x0 /home/botelhocpp/.platformio/packages/toolchain-gccarmnoneeabi/bin/../lib/gcc/arm-none-eabi/8.2.1/../../../../arm-none-eabi/lib/thumb/v6-m/nofp/libc.a(lib_a-mallocr.o)
 .data          0x000000001fffe004        0x0 /home/botelhocpp/.platformio/packages/toolchain-gccarmnoneeabi/bin/../lib/gcc/arm-none-eabi/8.2.1/../../../../arm-none-eabi/lib/thumb/v6-m/nofp/libc.a(lib_a-memchr-stub.o)
 .data          0x000000001fffe004        0x0 /home/botelhocpp/.platformio/packages/toolchain-gccarmnoneeabi/bin/../lib/gcc/arm-none-eabi/8.2.1/../../../../arm-none-eabi/lib/thumb/v6-m/nofp/libc.a(lib_a-memcpy-stub.o)
 .data          0x000000001fffe004        0x0 /home/botelhocpp/.platformio/packages/toolchain-gccarmnoneeabi/bin/../lib/gcc/arm-none-eabi/8.2.1/../../../../arm-none-eabi/lib/thumb/v6-m/nofp/libc.a(lib_a-mlock.o)
 .data          0x000000001fffe004        0x0 /home/botelhocpp/.platformio/packages/toolchain-gccarmnoneeabi/bin/../lib/gcc/arm-none-eabi/8.2.1/../../../../arm-none-eabi/lib/thumb/v6-m/nofp/libc.a(lib_a-mprec.o)
 .data          0x000000001fffe004        0x0 /home/botelhocpp/.platformio/packages/toolchain-gccarmnoneeabi/bin/../lib/gcc/arm-none-eabi/8.2.1/../../../../arm-none-eabi/lib/thumb/v6-m/nofp/libc.a(lib_a-s_frexp.o)
 .data          0x000000001fffe004        0x0 /home/botelhocpp/.platformio/packages/toolchain-gccarmnoneeabi/bin/../lib/gcc/arm-none-eabi/8.2.1/../../../../arm-none-eabi/lib/thumb/v6-m/nofp/libc.a(lib_a-sbrkr.o)
 .data          0x000000001fffe004        0x0 /home/botelhocpp/.platformio/packages/toolchain-gccarmnoneeabi/bin/../lib/gcc/arm-none-eabi/8.2.1/../../../../arm-none-eabi/lib/thumb/v6-m/nofp/libc.a(lib_a-strlen-stub.o)
 .data          0x000000001fffe004        0x0 /home/botelhocpp/.platformio/packages/toolchain-gccarmnoneeabi/bin/../lib/gcc/arm-none-eabi/8.2.1/../../../../arm-none-eabi/lib/thumb/v6-m/nofp/libc.a(lib_a-strncpy.o)
 .data          0x000000001fffe004        0x0 /home/botelhocpp/.platformio/packages/toolchain-gccarmnoneeabi/bin/../lib/gcc/arm-none-eabi/8.2.1/../../../../arm-none-eabi/lib/thumb/v6-m/nofp/libc.a(lib_a-svfiprintf.o)
 .data          0x000000001fffe004        0x0 /home/botelhocpp/.platformio/packages/toolchain-gccarmnoneeabi/bin/../lib/gcc/arm-none-eabi/8.2.1/../../../../arm-none-eabi/lib/thumb/v6-m/nofp/libc.a(lib_a-__atexit.o)
 .data          0x000000001fffe004        0x0 /home/botelhocpp/.platformio/packages/toolchain-gccarmnoneeabi/bin/../lib/gcc/arm-none-eabi/8.2.1/../../../../arm-none-eabi/lib/thumb/v6-m/nofp/libc.a(lib_a-callocr.o)
 .data          0x000000001fffe004        0x0 /home/botelhocpp/.platformio/packages/toolchain-gccarmnoneeabi/bin/../lib/gcc/arm-none-eabi/8.2.1/../../../../arm-none-eabi/lib/thumb/v6-m/nofp/libc.a(lib_a-locale.o)
 .data          0x000000001fffe004        0x0 /home/botelhocpp/.platformio/packages/toolchain-gccarmnoneeabi/bin/../lib/gcc/arm-none-eabi/8.2.1/../../../../arm-none-eabi/lib/thumb/v6-m/nofp/libc.a(lib_a-mbtowc_r.o)
 .data          0x000000001fffe004        0x0 /home/botelhocpp/.platformio/packages/toolchain-gccarmnoneeabi/bin/../lib/gcc/arm-none-eabi/8.2.1/../../../../arm-none-eabi/lib/thumb/v6-m/nofp/libc.a(lib_a-memmove.o)
 .data          0x000000001fffe004        0x0 /home/botelhocpp/.platformio/packages/toolchain-gccarmnoneeabi/bin/../lib/gcc/arm-none-eabi/8.2.1/../../../../arm-none-eabi/lib/thumb/v6-m/nofp/libc.a(lib_a-reallocr.o)
 .data          0x000000001fffe004        0x0 /home/botelhocpp/.platformio/packages/toolchain-gccarmnoneeabi/bin/../lib/gcc/arm-none-eabi/8.2.1/../../../../arm-none-eabi/lib/thumb/v6-m/nofp/libc.a(lib_a-reent.o)
 .data          0x000000001fffe004        0x0 /home/botelhocpp/.platformio/packages/toolchain-gccarmnoneeabi/bin/../lib/gcc/arm-none-eabi/8.2.1/../../../../arm-none-eabi/lib/thumb/v6-m/nofp/libc.a(lib_a-strcmp.o)
 .data          0x000000001fffe004        0x0 /home/botelhocpp/.platformio/packages/toolchain-gccarmnoneeabi/bin/../lib/gcc/arm-none-eabi/8.2.1/../../../../arm-none-eabi/lib/thumb/v6-m/nofp/libc.a(lib_a-wctomb_r.o)
 .data          0x000000001fffe004        0x0 /home/botelhocpp/.platformio/packages/toolchain-gccarmnoneeabi/bin/../lib/gcc/arm-none-eabi/8.2.1/../../../../arm-none-eabi/lib/thumb/v6-m/nofp/libc.a(lib_a-ctype_.o)
 .data          0x000000001fffe004        0x0 /home/botelhocpp/.platformio/packages/toolchain-gccarmnoneeabi/bin/../lib/gcc/arm-none-eabi/8.2.1/thumb/v6-m/nofp/libgcc.a(_udivsi3.o)
 .data          0x000000001fffe004        0x0 /home/botelhocpp/.platformio/packages/toolchain-gccarmnoneeabi/bin/../lib/gcc/arm-none-eabi/8.2.1/thumb/v6-m/nofp/libgcc.a(_divsi3.o)
 .data          0x000000001fffe004        0x0 /home/botelhocpp/.platformio/packages/toolchain-gccarmnoneeabi/bin/../lib/gcc/arm-none-eabi/8.2.1/thumb/v6-m/nofp/libgcc.a(_dvmd_tls.o)
 .data          0x000000001fffe004        0x0 /home/botelhocpp/.platformio/packages/toolchain-gccarmnoneeabi/bin/../lib/gcc/arm-none-eabi/8.2.1/thumb/v6-m/nofp/libgcc.a(_arm_cmpdf2.o)
 .data          0x000000001fffe004        0x0 /home/botelhocpp/.platformio/packages/toolchain-gccarmnoneeabi/bin/../lib/gcc/arm-none-eabi/8.2.1/thumb/v6-m/nofp/libgcc.a(_aeabi_uldivmod.o)
 .data          0x000000001fffe004        0x0 /home/botelhocpp/.platformio/packages/toolchain-gccarmnoneeabi/bin/../lib/gcc/arm-none-eabi/8.2.1/thumb/v6-m/nofp/libgcc.a(_udivmoddi4.o)
 .data          0x000000001fffe004        0x0 /home/botelhocpp/.platformio/packages/toolchain-gccarmnoneeabi/bin/../lib/gcc/arm-none-eabi/8.2.1/thumb/v6-m/nofp/libgcc.a(adddf3.o)
 .data          0x000000001fffe004        0x0 /home/botelhocpp/.platformio/packages/toolchain-gccarmnoneeabi/bin/../lib/gcc/arm-none-eabi/8.2.1/thumb/v6-m/nofp/libgcc.a(divdf3.o)
 .data          0x000000001fffe004        0x0 /home/botelhocpp/.platformio/packages/toolchain-gccarmnoneeabi/bin/../lib/gcc/arm-none-eabi/8.2.1/thumb/v6-m/nofp/libgcc.a(eqdf2.o)
 .data          0x000000001fffe004        0x0 /home/botelhocpp/.platformio/packages/toolchain-gccarmnoneeabi/bin/../lib/gcc/arm-none-eabi/8.2.1/thumb/v6-m/nofp/libgcc.a(gedf2.o)
 .data          0x000000001fffe004        0x0 /home/botelhocpp/.platformio/packages/toolchain-gccarmnoneeabi/bin/../lib/gcc/arm-none-eabi/8.2.1/thumb/v6-m/nofp/libgcc.a(ledf2.o)
 .data          0x000000001fffe004        0x0 /home/botelhocpp/.platformio/packages/toolchain-gccarmnoneeabi/bin/../lib/gcc/arm-none-eabi/8.2.1/thumb/v6-m/nofp/libgcc.a(muldf3.o)
 .data          0x000000001fffe004        0x0 /home/botelhocpp/.platformio/packages/toolchain-gccarmnoneeabi/bin/../lib/gcc/arm-none-eabi/8.2.1/thumb/v6-m/nofp/libgcc.a(subdf3.o)
 .data          0x000000001fffe004        0x0 /home/botelhocpp/.platformio/packages/toolchain-gccarmnoneeabi/bin/../lib/gcc/arm-none-eabi/8.2.1/thumb/v6-m/nofp/libgcc.a(unorddf2.o)
 .data          0x000000001fffe004        0x0 /home/botelhocpp/.platformio/packages/toolchain-gccarmnoneeabi/bin/../lib/gcc/arm-none-eabi/8.2.1/thumb/v6-m/nofp/libgcc.a(fixdfsi.o)
 .data          0x000000001fffe004        0x0 /home/botelhocpp/.platformio/packages/toolchain-gccarmnoneeabi/bin/../lib/gcc/arm-none-eabi/8.2.1/thumb/v6-m/nofp/libgcc.a(floatsidf.o)
 .data          0x000000001fffe004        0x0 /home/botelhocpp/.platformio/packages/toolchain-gccarmnoneeabi/bin/../lib/gcc/arm-none-eabi/8.2.1/thumb/v6-m/nofp/libgcc.a(floatunsidf.o)
 .data          0x000000001fffe004        0x0 /home/botelhocpp/.platformio/packages/toolchain-gccarmnoneeabi/bin/../lib/gcc/arm-none-eabi/8.2.1/thumb/v6-m/nofp/libgcc.a(_clzsi2.o)
 .data          0x000000001fffe004        0x0 /home/botelhocpp/.platformio/packages/toolchain-gccarmnoneeabi/bin/../lib/gcc/arm-none-eabi/8.2.1/thumb/v6-m/nofp/libgcc.a(_clzdi2.o)
 .data          0x000000001fffe004        0x0 /home/botelhocpp/.platformio/packages/toolchain-gccarmnoneeabi/bin/../lib/gcc/arm-none-eabi/8.2.1/../../../../arm-none-eabi/lib/thumb/v6-m/nofp/libnosys.a(sbrk.o)
 .data          0x000000001fffe004        0x0 /home/botelhocpp/.platformio/packages/toolchain-gccarmnoneeabi/bin/../lib/gcc/arm-none-eabi/8.2.1/../../../../arm-none-eabi/lib/thumb/v6-m/nofp/libnosys.a(_exit.o)
 .data          0x000000001fffe004        0x0 /home/botelhocpp/.platformio/packages/toolchain-gccarmnoneeabi/bin/../lib/gcc/arm-none-eabi/8.2.1/thumb/v6-m/nofp/crtend.o
 .data          0x000000001fffe004        0x0 /home/botelhocpp/.platformio/packages/toolchain-gccarmnoneeabi/bin/../lib/gcc/arm-none-eabi/8.2.1/thumb/v6-m/nofp/crtn.o
 *(.data*)
 .data._impure_ptr
                0x000000001fffe004        0x4 /home/botelhocpp/.platformio/packages/toolchain-gccarmnoneeabi/bin/../lib/gcc/arm-none-eabi/8.2.1/../../../../arm-none-eabi/lib/thumb/v6-m/nofp/libc.a(lib_a-impure.o)
                0x000000001fffe004                _impure_ptr
 .data.impure_data
                0x000000001fffe008      0x428 /home/botelhocpp/.platformio/packages/toolchain-gccarmnoneeabi/bin/../lib/gcc/arm-none-eabi/8.2.1/../../../../arm-none-eabi/lib/thumb/v6-m/nofp/libc.a(lib_a-impure.o)
 .data.__atexit_recursive_mutex
                0x000000001fffe430        0x4 /home/botelhocpp/.platformio/packages/toolchain-gccarmnoneeabi/bin/../lib/gcc/arm-none-eabi/8.2.1/../../../../arm-none-eabi/lib/thumb/v6-m/nofp/libc.a(lib_a-__call_atexit.o)
                0x000000001fffe430                __atexit_recursive_mutex
 .data.__malloc_av_
                0x000000001fffe434      0x408 /home/botelhocpp/.platformio/packages/toolchain-gccarmnoneeabi/bin/../lib/gcc/arm-none-eabi/8.2.1/../../../../arm-none-eabi/lib/thumb/v6-m/nofp/libc.a(lib_a-mallocr.o)
                0x000000001fffe434                __malloc_av_
 .data.__malloc_sbrk_base
                0x000000001fffe83c        0x4 /home/botelhocpp/.platformio/packages/toolchain-gccarmnoneeabi/bin/../lib/gcc/arm-none-eabi/8.2.1/../../../../arm-none-eabi/lib/thumb/v6-m/nofp/libc.a(lib_a-mallocr.o)
                0x000000001fffe83c                __malloc_sbrk_base
 .data.__malloc_trim_threshold
                0x000000001fffe840        0x4 /home/botelhocpp/.platformio/packages/toolchain-gccarmnoneeabi/bin/../lib/gcc/arm-none-eabi/8.2.1/../../../../arm-none-eabi/lib/thumb/v6-m/nofp/libc.a(lib_a-mallocr.o)
                0x000000001fffe840                __malloc_trim_threshold
 .data.__global_locale
                0x000000001fffe844      0x16c /home/botelhocpp/.platformio/packages/toolchain-gccarmnoneeabi/bin/../lib/gcc/arm-none-eabi/8.2.1/../../../../arm-none-eabi/lib/thumb/v6-m/nofp/libc.a(lib_a-locale.o)
                0x000000001fffe844                __global_locale
 *(.jcr*)
                0x000000001fffe9b0                . = ALIGN (0x4)
                0x000000001fffe9b0                __data_end__ = .
                0x000000000000916c                __DATA_END = (__DATA_ROM + (__data_end__ - __data_start__))

.igot.plt       0x000000001fffe9b0        0x0 load address 0x000000000000916c
 .igot.plt      0x000000001fffe9b0        0x0 /home/botelhocpp/.platformio/packages/toolchain-gccarmnoneeabi/bin/../lib/gcc/arm-none-eabi/8.2.1/thumb/v6-m/nofp/crtbegin.o

.bss            0x000000001fffe9b0       0x80 load address 0x000000000000916c
                0x000000001fffe9b0                . = ALIGN (0x4)
                0x000000001fffe9b0                __START_BSS = .
                0x000000001fffe9b0                __bss_start__ = .
 *(.bss)
 .bss           0x000000001fffe9b0        0x0 /home/botelhocpp/.platformio/packages/toolchain-gccarmnoneeabi/bin/../lib/gcc/arm-none-eabi/8.2.1/thumb/v6-m/nofp/crti.o
 .bss           0x000000001fffe9b0       0x1c /home/botelhocpp/.platformio/packages/toolchain-gccarmnoneeabi/bin/../lib/gcc/arm-none-eabi/8.2.1/thumb/v6-m/nofp/crtbegin.o
 .bss           0x000000001fffe9cc        0x0 /home/botelhocpp/.platformio/packages/toolchain-gccarmnoneeabi/bin/../lib/gcc/arm-none-eabi/8.2.1/../../../../arm-none-eabi/lib/thumb/v6-m/nofp/crt0.o
 .bss           0x000000001fffe9cc        0x0 build/start.o
 .bss           0x000000001fffe9cc        0x0 build/main.o
 .bss           0x000000001fffe9cc        0x0 /home/botelhocpp/.platformio/packages/toolchain-gccarmnoneeabi/bin/../lib/gcc/arm-none-eabi/8.2.1/../../../../arm-none-eabi/lib/thumb/v6-m/nofp/libc.a(lib_a-exit.o)
 .bss           0x000000001fffe9cc        0x0 /home/botelhocpp/.platformio/packages/toolchain-gccarmnoneeabi/bin/../lib/gcc/arm-none-eabi/8.2.1/../../../../arm-none-eabi/lib/thumb/v6-m/nofp/libc.a(lib_a-impure.o)
 .bss           0x000000001fffe9cc        0x0 /home/botelhocpp/.platformio/packages/toolchain-gccarmnoneeabi/bin/../lib/gcc/arm-none-eabi/8.2.1/../../../../arm-none-eabi/lib/thumb/v6-m/nofp/libc.a(lib_a-init.o)
 .bss           0x000000001fffe9cc        0x0 /home/botelhocpp/.platformio/packages/toolchain-gccarmnoneeabi/bin/../lib/gcc/arm-none-eabi/8.2.1/../../../../arm-none-eabi/lib/thumb/v6-m/nofp/libc.a(lib_a-memset.o)
 .bss           0x000000001fffe9cc        0x0 /home/botelhocpp/.platformio/packages/toolchain-gccarmnoneeabi/bin/../lib/gcc/arm-none-eabi/8.2.1/../../../../arm-none-eabi/lib/thumb/v6-m/nofp/libc.a(lib_a-sprintf.o)
 .bss           0x000000001fffe9cc        0x0 /home/botelhocpp/.platformio/packages/toolchain-gccarmnoneeabi/bin/../lib/gcc/arm-none-eabi/8.2.1/../../../../arm-none-eabi/lib/thumb/v6-m/nofp/libc.a(lib_a-svfprintf.o)
 .bss           0x000000001fffe9cc        0x0 /home/botelhocpp/.platformio/packages/toolchain-gccarmnoneeabi/bin/../lib/gcc/arm-none-eabi/8.2.1/../../../../arm-none-eabi/lib/thumb/v6-m/nofp/libc.a(lib_a-__call_atexit.o)
 .bss           0x000000001fffe9cc        0x0 /home/botelhocpp/.platformio/packages/toolchain-gccarmnoneeabi/bin/../lib/gcc/arm-none-eabi/8.2.1/../../../../arm-none-eabi/lib/thumb/v6-m/nofp/libc.a(lib_a-atexit.o)
 .bss           0x000000001fffe9cc        0x0 /home/botelhocpp/.platformio/packages/toolchain-gccarmnoneeabi/bin/../lib/gcc/arm-none-eabi/8.2.1/../../../../arm-none-eabi/lib/thumb/v6-m/nofp/libc.a(lib_a-dtoa.o)
 .bss           0x000000001fffe9cc        0x0 /home/botelhocpp/.platformio/packages/toolchain-gccarmnoneeabi/bin/../lib/gcc/arm-none-eabi/8.2.1/../../../../arm-none-eabi/lib/thumb/v6-m/nofp/libc.a(lib_a-fini.o)
 .bss           0x000000001fffe9cc        0x0 /home/botelhocpp/.platformio/packages/toolchain-gccarmnoneeabi/bin/../lib/gcc/arm-none-eabi/8.2.1/../../../../arm-none-eabi/lib/thumb/v6-m/nofp/libc.a(lib_a-freer.o)
 .bss           0x000000001fffe9cc        0x0 /home/botelhocpp/.platformio/packages/toolchain-gccarmnoneeabi/bin/../lib/gcc/arm-none-eabi/8.2.1/../../../../arm-none-eabi/lib/thumb/v6-m/nofp/libc.a(lib_a-localeconv.o)
 .bss           0x000000001fffe9cc        0x0 /home/botelhocpp/.platformio/packages/toolchain-gccarmnoneeabi/bin/../lib/gcc/arm-none-eabi/8.2.1/../../../../arm-none-eabi/lib/thumb/v6-m/nofp/libc.a(lib_a-lock.o)
 .bss           0x000000001fffe9cc        0x0 /home/botelhocpp/.platformio/packages/toolchain-gccarmnoneeabi/bin/../lib/gcc/arm-none-eabi/8.2.1/../../../../arm-none-eabi/lib/thumb/v6-m/nofp/libc.a(lib_a-mallocr.o)
 .bss           0x000000001fffe9cc        0x0 /home/botelhocpp/.platformio/packages/toolchain-gccarmnoneeabi/bin/../lib/gcc/arm-none-eabi/8.2.1/../../../../arm-none-eabi/lib/thumb/v6-m/nofp/libc.a(lib_a-memchr-stub.o)
 .bss           0x000000001fffe9cc        0x0 /home/botelhocpp/.platformio/packages/toolchain-gccarmnoneeabi/bin/../lib/gcc/arm-none-eabi/8.2.1/../../../../arm-none-eabi/lib/thumb/v6-m/nofp/libc.a(lib_a-memcpy-stub.o)
 .bss           0x000000001fffe9cc        0x0 /home/botelhocpp/.platformio/packages/toolchain-gccarmnoneeabi/bin/../lib/gcc/arm-none-eabi/8.2.1/../../../../arm-none-eabi/lib/thumb/v6-m/nofp/libc.a(lib_a-mlock.o)
 .bss           0x000000001fffe9cc        0x0 /home/botelhocpp/.platformio/packages/toolchain-gccarmnoneeabi/bin/../lib/gcc/arm-none-eabi/8.2.1/../../../../arm-none-eabi/lib/thumb/v6-m/nofp/libc.a(lib_a-mprec.o)
 .bss           0x000000001fffe9cc        0x0 /home/botelhocpp/.platformio/packages/toolchain-gccarmnoneeabi/bin/../lib/gcc/arm-none-eabi/8.2.1/../../../../arm-none-eabi/lib/thumb/v6-m/nofp/libc.a(lib_a-s_frexp.o)
 .bss           0x000000001fffe9cc        0x0 /home/botelhocpp/.platformio/packages/toolchain-gccarmnoneeabi/bin/../lib/gcc/arm-none-eabi/8.2.1/../../../../arm-none-eabi/lib/thumb/v6-m/nofp/libc.a(lib_a-sbrkr.o)
 .bss           0x000000001fffe9cc        0x0 /home/botelhocpp/.platformio/packages/toolchain-gccarmnoneeabi/bin/../lib/gcc/arm-none-eabi/8.2.1/../../../../arm-none-eabi/lib/thumb/v6-m/nofp/libc.a(lib_a-strlen-stub.o)
 .bss           0x000000001fffe9cc        0x0 /home/botelhocpp/.platformio/packages/toolchain-gccarmnoneeabi/bin/../lib/gcc/arm-none-eabi/8.2.1/../../../../arm-none-eabi/lib/thumb/v6-m/nofp/libc.a(lib_a-strncpy.o)
 .bss           0x000000001fffe9cc        0x0 /home/botelhocpp/.platformio/packages/toolchain-gccarmnoneeabi/bin/../lib/gcc/arm-none-eabi/8.2.1/../../../../arm-none-eabi/lib/thumb/v6-m/nofp/libc.a(lib_a-svfiprintf.o)
 .bss           0x000000001fffe9cc        0x0 /home/botelhocpp/.platformio/packages/toolchain-gccarmnoneeabi/bin/../lib/gcc/arm-none-eabi/8.2.1/../../../../arm-none-eabi/lib/thumb/v6-m/nofp/libc.a(lib_a-__atexit.o)
 .bss           0x000000001fffe9cc        0x0 /home/botelhocpp/.platformio/packages/toolchain-gccarmnoneeabi/bin/../lib/gcc/arm-none-eabi/8.2.1/../../../../arm-none-eabi/lib/thumb/v6-m/nofp/libc.a(lib_a-callocr.o)
 .bss           0x000000001fffe9cc        0x0 /home/botelhocpp/.platformio/packages/toolchain-gccarmnoneeabi/bin/../lib/gcc/arm-none-eabi/8.2.1/../../../../arm-none-eabi/lib/thumb/v6-m/nofp/libc.a(lib_a-locale.o)
 .bss           0x000000001fffe9cc        0x0 /home/botelhocpp/.platformio/packages/toolchain-gccarmnoneeabi/bin/../lib/gcc/arm-none-eabi/8.2.1/../../../../arm-none-eabi/lib/thumb/v6-m/nofp/libc.a(lib_a-mbtowc_r.o)
 .bss           0x000000001fffe9cc        0x0 /home/botelhocpp/.platformio/packages/toolchain-gccarmnoneeabi/bin/../lib/gcc/arm-none-eabi/8.2.1/../../../../arm-none-eabi/lib/thumb/v6-m/nofp/libc.a(lib_a-memmove.o)
 .bss           0x000000001fffe9cc        0x0 /home/botelhocpp/.platformio/packages/toolchain-gccarmnoneeabi/bin/../lib/gcc/arm-none-eabi/8.2.1/../../../../arm-none-eabi/lib/thumb/v6-m/nofp/libc.a(lib_a-reallocr.o)
 .bss           0x000000001fffe9cc        0x0 /home/botelhocpp/.platformio/packages/toolchain-gccarmnoneeabi/bin/../lib/gcc/arm-none-eabi/8.2.1/../../../../arm-none-eabi/lib/thumb/v6-m/nofp/libc.a(lib_a-reent.o)
 .bss           0x000000001fffe9cc        0x0 /home/botelhocpp/.platformio/packages/toolchain-gccarmnoneeabi/bin/../lib/gcc/arm-none-eabi/8.2.1/../../../../arm-none-eabi/lib/thumb/v6-m/nofp/libc.a(lib_a-strcmp.o)
 .bss           0x000000001fffe9cc        0x0 /home/botelhocpp/.platformio/packages/toolchain-gccarmnoneeabi/bin/../lib/gcc/arm-none-eabi/8.2.1/../../../../arm-none-eabi/lib/thumb/v6-m/nofp/libc.a(lib_a-wctomb_r.o)
 .bss           0x000000001fffe9cc        0x0 /home/botelhocpp/.platformio/packages/toolchain-gccarmnoneeabi/bin/../lib/gcc/arm-none-eabi/8.2.1/../../../../arm-none-eabi/lib/thumb/v6-m/nofp/libc.a(lib_a-ctype_.o)
 .bss           0x000000001fffe9cc        0x0 /home/botelhocpp/.platformio/packages/toolchain-gccarmnoneeabi/bin/../lib/gcc/arm-none-eabi/8.2.1/thumb/v6-m/nofp/libgcc.a(_udivsi3.o)
 .bss           0x000000001fffe9cc        0x0 /home/botelhocpp/.platformio/packages/toolchain-gccarmnoneeabi/bin/../lib/gcc/arm-none-eabi/8.2.1/thumb/v6-m/nofp/libgcc.a(_divsi3.o)
 .bss           0x000000001fffe9cc        0x0 /home/botelhocpp/.platformio/packages/toolchain-gccarmnoneeabi/bin/../lib/gcc/arm-none-eabi/8.2.1/thumb/v6-m/nofp/libgcc.a(_dvmd_tls.o)
 .bss           0x000000001fffe9cc        0x0 /home/botelhocpp/.platformio/packages/toolchain-gccarmnoneeabi/bin/../lib/gcc/arm-none-eabi/8.2.1/thumb/v6-m/nofp/libgcc.a(_arm_cmpdf2.o)
 .bss           0x000000001fffe9cc        0x0 /home/botelhocpp/.platformio/packages/toolchain-gccarmnoneeabi/bin/../lib/gcc/arm-none-eabi/8.2.1/thumb/v6-m/nofp/libgcc.a(_aeabi_uldivmod.o)
 .bss           0x000000001fffe9cc        0x0 /home/botelhocpp/.platformio/packages/toolchain-gccarmnoneeabi/bin/../lib/gcc/arm-none-eabi/8.2.1/thumb/v6-m/nofp/libgcc.a(_udivmoddi4.o)
 .bss           0x000000001fffe9cc        0x0 /home/botelhocpp/.platformio/packages/toolchain-gccarmnoneeabi/bin/../lib/gcc/arm-none-eabi/8.2.1/thumb/v6-m/nofp/libgcc.a(adddf3.o)
 .bss           0x000000001fffe9cc        0x0 /home/botelhocpp/.platformio/packages/toolchain-gccarmnoneeabi/bin/../lib/gcc/arm-none-eabi/8.2.1/thumb/v6-m/nofp/libgcc.a(divdf3.o)
 .bss           0x000000001fffe9cc        0x0 /home/botelhocpp/.platformio/packages/toolchain-gccarmnoneeabi/bin/../lib/gcc/arm-none-eabi/8.2.1/thumb/v6-m/nofp/libgcc.a(eqdf2.o)
 .bss           0x000000001fffe9cc        0x0 /home/botelhocpp/.platformio/packages/toolchain-gccarmnoneeabi/bin/../lib/gcc/arm-none-eabi/8.2.1/thumb/v6-m/nofp/libgcc.a(gedf2.o)
 .bss           0x000000001fffe9cc        0x0 /home/botelhocpp/.platformio/packages/toolchain-gccarmnoneeabi/bin/../lib/gcc/arm-none-eabi/8.2.1/thumb/v6-m/nofp/libgcc.a(ledf2.o)
 .bss           0x000000001fffe9cc        0x0 /home/botelhocpp/.platformio/packages/toolchain-gccarmnoneeabi/bin/../lib/gcc/arm-none-eabi/8.2.1/thumb/v6-m/nofp/libgcc.a(muldf3.o)
 .bss           0x000000001fffe9cc        0x0 /home/botelhocpp/.platformio/packages/toolchain-gccarmnoneeabi/bin/../lib/gcc/arm-none-eabi/8.2.1/thumb/v6-m/nofp/libgcc.a(subdf3.o)
 .bss           0x000000001fffe9cc        0x0 /home/botelhocpp/.platformio/packages/toolchain-gccarmnoneeabi/bin/../lib/gcc/arm-none-eabi/8.2.1/thumb/v6-m/nofp/libgcc.a(unorddf2.o)
 .bss           0x000000001fffe9cc        0x0 /home/botelhocpp/.platformio/packages/toolchain-gccarmnoneeabi/bin/../lib/gcc/arm-none-eabi/8.2.1/thumb/v6-m/nofp/libgcc.a(fixdfsi.o)
 .bss           0x000000001fffe9cc        0x0 /home/botelhocpp/.platformio/packages/toolchain-gccarmnoneeabi/bin/../lib/gcc/arm-none-eabi/8.2.1/thumb/v6-m/nofp/libgcc.a(floatsidf.o)
 .bss           0x000000001fffe9cc        0x0 /home/botelhocpp/.platformio/packages/toolchain-gccarmnoneeabi/bin/../lib/gcc/arm-none-eabi/8.2.1/thumb/v6-m/nofp/libgcc.a(floatunsidf.o)
 .bss           0x000000001fffe9cc        0x0 /home/botelhocpp/.platformio/packages/toolchain-gccarmnoneeabi/bin/../lib/gcc/arm-none-eabi/8.2.1/thumb/v6-m/nofp/libgcc.a(_clzsi2.o)
 .bss           0x000000001fffe9cc        0x0 /home/botelhocpp/.platformio/packages/toolchain-gccarmnoneeabi/bin/../lib/gcc/arm-none-eabi/8.2.1/thumb/v6-m/nofp/libgcc.a(_clzdi2.o)
 .bss           0x000000001fffe9cc        0x0 /home/botelhocpp/.platformio/packages/toolchain-gccarmnoneeabi/bin/../lib/gcc/arm-none-eabi/8.2.1/../../../../arm-none-eabi/lib/thumb/v6-m/nofp/libnosys.a(sbrk.o)
 .bss           0x000000001fffe9cc        0x0 /home/botelhocpp/.platformio/packages/toolchain-gccarmnoneeabi/bin/../lib/gcc/arm-none-eabi/8.2.1/../../../../arm-none-eabi/lib/thumb/v6-m/nofp/libnosys.a(_exit.o)
 .bss           0x000000001fffe9cc        0x0 /home/botelhocpp/.platformio/packages/toolchain-gccarmnoneeabi/bin/../lib/gcc/arm-none-eabi/8.2.1/thumb/v6-m/nofp/crtend.o
 .bss           0x000000001fffe9cc        0x0 /home/botelhocpp/.platformio/packages/toolchain-gccarmnoneeabi/bin/../lib/gcc/arm-none-eabi/8.2.1/thumb/v6-m/nofp/crtn.o
 *(.bss*)
 .bss.__malloc_current_mallinfo
                0x000000001fffe9cc       0x28 /home/botelhocpp/.platformio/packages/toolchain-gccarmnoneeabi/bin/../lib/gcc/arm-none-eabi/8.2.1/../../../../arm-none-eabi/lib/thumb/v6-m/nofp/libc.a(lib_a-mallocr.o)
                0x000000001fffe9cc                __malloc_current_mallinfo
 .bss.__malloc_max_sbrked_mem
                0x000000001fffe9f4        0x4 /home/botelhocpp/.platformio/packages/toolchain-gccarmnoneeabi/bin/../lib/gcc/arm-none-eabi/8.2.1/../../../../arm-none-eabi/lib/thumb/v6-m/nofp/libc.a(lib_a-mallocr.o)
                0x000000001fffe9f4                __malloc_max_sbrked_mem
 .bss.__malloc_max_total_mem
                0x000000001fffe9f8        0x4 /home/botelhocpp/.platformio/packages/toolchain-gccarmnoneeabi/bin/../lib/gcc/arm-none-eabi/8.2.1/../../../../arm-none-eabi/lib/thumb/v6-m/nofp/libc.a(lib_a-mallocr.o)
                0x000000001fffe9f8                __malloc_max_total_mem
 .bss.__malloc_top_pad
                0x000000001fffe9fc        0x4 /home/botelhocpp/.platformio/packages/toolchain-gccarmnoneeabi/bin/../lib/gcc/arm-none-eabi/8.2.1/../../../../arm-none-eabi/lib/thumb/v6-m/nofp/libc.a(lib_a-mallocr.o)
                0x000000001fffe9fc                __malloc_top_pad
 .bss._PathLocale
                0x000000001fffea00        0x4 /home/botelhocpp/.platformio/packages/toolchain-gccarmnoneeabi/bin/../lib/gcc/arm-none-eabi/8.2.1/../../../../arm-none-eabi/lib/thumb/v6-m/nofp/libc.a(lib_a-locale.o)
                0x000000001fffea00                _PathLocale
 .bss.heap_end.4194
                0x000000001fffea04        0x4 /home/botelhocpp/.platformio/packages/toolchain-gccarmnoneeabi/bin/../lib/gcc/arm-none-eabi/8.2.1/../../../../arm-none-eabi/lib/thumb/v6-m/nofp/libnosys.a(sbrk.o)
 *(COMMON)
 COMMON         0x000000001fffea08       0x21 /home/botelhocpp/.platformio/packages/toolchain-gccarmnoneeabi/bin/../lib/gcc/arm-none-eabi/8.2.1/../../../../arm-none-eabi/lib/thumb/v6-m/nofp/libc.a(lib_a-lock.o)
                0x000000001fffea08                __lock___atexit_recursive_mutex
                0x000000001fffea0c                __lock___arc4random_mutex
                0x000000001fffea10                __lock___env_recursive_mutex
                0x000000001fffea14                __lock___sinit_recursive_mutex
                0x000000001fffea18                __lock___malloc_recursive_mutex
                0x000000001fffea1c                __lock___at_quick_exit_mutex
                0x000000001fffea20                __lock___dd_hash_mutex
                0x000000001fffea24                __lock___tz_mutex
                0x000000001fffea28                __lock___sfp_recursive_mutex
 *fill*         0x000000001fffea29        0x3 
 COMMON         0x000000001fffea2c        0x4 /home/botelhocpp/.platformio/packages/toolchain-gccarmnoneeabi/bin/../lib/gcc/arm-none-eabi/8.2.1/../../../../arm-none-eabi/lib/thumb/v6-m/nofp/libc.a(lib_a-reent.o)
                0x000000001fffea2c                errno
                0x000000001fffea30                . = ALIGN (0x4)
                0x000000001fffea30                __bss_end__ = .
                0x000000001fffea30                __END_BSS = .

.heap           0x000000001fffea30      0x400 load address 0x00000000000091ec
                0x000000001fffea30                . = ALIGN (0x8)
                0x000000001fffea30                __end__ = .
                0x000000001fffea30                PROVIDE (end = .)
                0x000000001fffea30                __HeapBase = .
                0x000000001fffee30                . = (. + HEAP_SIZE)
 *fill*         0x000000001fffea30      0x400 
                0x000000001fffee30                __HeapLimit = .

.stack          0x000000001fffee30      0x400 load address 0x00000000000095ec
                0x000000001fffee30                . = ALIGN (0x8)
                0x000000001ffff230                . = (. + STACK_SIZE)
 *fill*         0x000000001fffee30      0x400 
                0x0000000020006000                __StackTop = (ORIGIN (m_data) + LENGTH (m_data))
                0x0000000020005c00                __StackLimit = (__StackTop - STACK_SIZE)
                0x0000000020006000                PROVIDE (__stack = __StackTop)

.ARM.attributes
                0x0000000000000000       0x28
 *(.ARM.attributes)
 .ARM.attributes
                0x0000000000000000       0x1e /home/botelhocpp/.platformio/packages/toolchain-gccarmnoneeabi/bin/../lib/gcc/arm-none-eabi/8.2.1/thumb/v6-m/nofp/crti.o
 .ARM.attributes
                0x000000000000001e       0x2c /home/botelhocpp/.platformio/packages/toolchain-gccarmnoneeabi/bin/../lib/gcc/arm-none-eabi/8.2.1/thumb/v6-m/nofp/crtbegin.o
 .ARM.attributes
                0x000000000000004a       0x1b /home/botelhocpp/.platformio/packages/toolchain-gccarmnoneeabi/bin/../lib/gcc/arm-none-eabi/8.2.1/../../../../arm-none-eabi/lib/thumb/v6-m/nofp/crt0.o
 .ARM.attributes
                0x0000000000000065       0x22 build/start.o
 .ARM.attributes
                0x0000000000000087       0x2c build/main.o
 .ARM.attributes
                0x00000000000000b3       0x2c /home/botelhocpp/.platformio/packages/toolchain-gccarmnoneeabi/bin/../lib/gcc/arm-none-eabi/8.2.1/../../../../arm-none-eabi/lib/thumb/v6-m/nofp/libc.a(lib_a-exit.o)
 .ARM.attributes
                0x00000000000000df       0x2c /home/botelhocpp/.platformio/packages/toolchain-gccarmnoneeabi/bin/../lib/gcc/arm-none-eabi/8.2.1/../../../../arm-none-eabi/lib/thumb/v6-m/nofp/libc.a(lib_a-impure.o)
 .ARM.attributes
                0x000000000000010b       0x2c /home/botelhocpp/.platformio/packages/toolchain-gccarmnoneeabi/bin/../lib/gcc/arm-none-eabi/8.2.1/../../../../arm-none-eabi/lib/thumb/v6-m/nofp/libc.a(lib_a-init.o)
 .ARM.attributes
                0x0000000000000137       0x2c /home/botelhocpp/.platformio/packages/toolchain-gccarmnoneeabi/bin/../lib/gcc/arm-none-eabi/8.2.1/../../../../arm-none-eabi/lib/thumb/v6-m/nofp/libc.a(lib_a-memset.o)
 .ARM.attributes
                0x0000000000000163       0x2c /home/botelhocpp/.platformio/packages/toolchain-gccarmnoneeabi/bin/../lib/gcc/arm-none-eabi/8.2.1/../../../../arm-none-eabi/lib/thumb/v6-m/nofp/libc.a(lib_a-sprintf.o)
 .ARM.attributes
                0x000000000000018f       0x2c /home/botelhocpp/.platformio/packages/toolchain-gccarmnoneeabi/bin/../lib/gcc/arm-none-eabi/8.2.1/../../../../arm-none-eabi/lib/thumb/v6-m/nofp/libc.a(lib_a-svfprintf.o)
 .ARM.attributes
                0x00000000000001bb       0x2c /home/botelhocpp/.platformio/packages/toolchain-gccarmnoneeabi/bin/../lib/gcc/arm-none-eabi/8.2.1/../../../../arm-none-eabi/lib/thumb/v6-m/nofp/libc.a(lib_a-__call_atexit.o)
 .ARM.attributes
                0x00000000000001e7       0x2c /home/botelhocpp/.platformio/packages/toolchain-gccarmnoneeabi/bin/../lib/gcc/arm-none-eabi/8.2.1/../../../../arm-none-eabi/lib/thumb/v6-m/nofp/libc.a(lib_a-atexit.o)
 .ARM.attributes
                0x0000000000000213       0x2c /home/botelhocpp/.platformio/packages/toolchain-gccarmnoneeabi/bin/../lib/gcc/arm-none-eabi/8.2.1/../../../../arm-none-eabi/lib/thumb/v6-m/nofp/libc.a(lib_a-dtoa.o)
 .ARM.attributes
                0x000000000000023f       0x2c /home/botelhocpp/.platformio/packages/toolchain-gccarmnoneeabi/bin/../lib/gcc/arm-none-eabi/8.2.1/../../../../arm-none-eabi/lib/thumb/v6-m/nofp/libc.a(lib_a-fini.o)
 .ARM.attributes
                0x000000000000026b       0x2c /home/botelhocpp/.platformio/packages/toolchain-gccarmnoneeabi/bin/../lib/gcc/arm-none-eabi/8.2.1/../../../../arm-none-eabi/lib/thumb/v6-m/nofp/libc.a(lib_a-freer.o)
 .ARM.attributes
                0x0000000000000297       0x2c /home/botelhocpp/.platformio/packages/toolchain-gccarmnoneeabi/bin/../lib/gcc/arm-none-eabi/8.2.1/../../../../arm-none-eabi/lib/thumb/v6-m/nofp/libc.a(lib_a-localeconv.o)
 .ARM.attributes
                0x00000000000002c3       0x2c /home/botelhocpp/.platformio/packages/toolchain-gccarmnoneeabi/bin/../lib/gcc/arm-none-eabi/8.2.1/../../../../arm-none-eabi/lib/thumb/v6-m/nofp/libc.a(lib_a-lock.o)
 .ARM.attributes
                0x00000000000002ef       0x2c /home/botelhocpp/.platformio/packages/toolchain-gccarmnoneeabi/bin/../lib/gcc/arm-none-eabi/8.2.1/../../../../arm-none-eabi/lib/thumb/v6-m/nofp/libc.a(lib_a-mallocr.o)
 .ARM.attributes
                0x000000000000031b       0x2c /home/botelhocpp/.platformio/packages/toolchain-gccarmnoneeabi/bin/../lib/gcc/arm-none-eabi/8.2.1/../../../../arm-none-eabi/lib/thumb/v6-m/nofp/libc.a(lib_a-memchr-stub.o)
 .ARM.attributes
                0x0000000000000347       0x2c /home/botelhocpp/.platformio/packages/toolchain-gccarmnoneeabi/bin/../lib/gcc/arm-none-eabi/8.2.1/../../../../arm-none-eabi/lib/thumb/v6-m/nofp/libc.a(lib_a-memcpy-stub.o)
 .ARM.attributes
                0x0000000000000373       0x2c /home/botelhocpp/.platformio/packages/toolchain-gccarmnoneeabi/bin/../lib/gcc/arm-none-eabi/8.2.1/../../../../arm-none-eabi/lib/thumb/v6-m/nofp/libc.a(lib_a-mlock.o)
 .ARM.attributes
                0x000000000000039f       0x2c /home/botelhocpp/.platformio/packages/toolchain-gccarmnoneeabi/bin/../lib/gcc/arm-none-eabi/8.2.1/../../../../arm-none-eabi/lib/thumb/v6-m/nofp/libc.a(lib_a-mprec.o)
 .ARM.attributes
                0x00000000000003cb       0x2c /home/botelhocpp/.platformio/packages/toolchain-gccarmnoneeabi/bin/../lib/gcc/arm-none-eabi/8.2.1/../../../../arm-none-eabi/lib/thumb/v6-m/nofp/libc.a(lib_a-s_frexp.o)
 .ARM.attributes
                0x00000000000003f7       0x2c /home/botelhocpp/.platformio/packages/toolchain-gccarmnoneeabi/bin/../lib/gcc/arm-none-eabi/8.2.1/../../../../arm-none-eabi/lib/thumb/v6-m/nofp/libc.a(lib_a-sbrkr.o)
 .ARM.attributes
                0x0000000000000423       0x2c /home/botelhocpp/.platformio/packages/toolchain-gccarmnoneeabi/bin/../lib/gcc/arm-none-eabi/8.2.1/../../../../arm-none-eabi/lib/thumb/v6-m/nofp/libc.a(lib_a-strlen-stub.o)
 .ARM.attributes
                0x000000000000044f       0x2c /home/botelhocpp/.platformio/packages/toolchain-gccarmnoneeabi/bin/../lib/gcc/arm-none-eabi/8.2.1/../../../../arm-none-eabi/lib/thumb/v6-m/nofp/libc.a(lib_a-strncpy.o)
 .ARM.attributes
                0x000000000000047b       0x2c /home/botelhocpp/.platformio/packages/toolchain-gccarmnoneeabi/bin/../lib/gcc/arm-none-eabi/8.2.1/../../../../arm-none-eabi/lib/thumb/v6-m/nofp/libc.a(lib_a-svfiprintf.o)
 .ARM.attributes
                0x00000000000004a7       0x2c /home/botelhocpp/.platformio/packages/toolchain-gccarmnoneeabi/bin/../lib/gcc/arm-none-eabi/8.2.1/../../../../arm-none-eabi/lib/thumb/v6-m/nofp/libc.a(lib_a-__atexit.o)
 .ARM.attributes
                0x00000000000004d3       0x2c /home/botelhocpp/.platformio/packages/toolchain-gccarmnoneeabi/bin/../lib/gcc/arm-none-eabi/8.2.1/../../../../arm-none-eabi/lib/thumb/v6-m/nofp/libc.a(lib_a-callocr.o)
 .ARM.attributes
                0x00000000000004ff       0x2c /home/botelhocpp/.platformio/packages/toolchain-gccarmnoneeabi/bin/../lib/gcc/arm-none-eabi/8.2.1/../../../../arm-none-eabi/lib/thumb/v6-m/nofp/libc.a(lib_a-locale.o)
 .ARM.attributes
                0x000000000000052b       0x2c /home/botelhocpp/.platformio/packages/toolchain-gccarmnoneeabi/bin/../lib/gcc/arm-none-eabi/8.2.1/../../../../arm-none-eabi/lib/thumb/v6-m/nofp/libc.a(lib_a-mbtowc_r.o)
 .ARM.attributes
                0x0000000000000557       0x2c /home/botelhocpp/.platformio/packages/toolchain-gccarmnoneeabi/bin/../lib/gcc/arm-none-eabi/8.2.1/../../../../arm-none-eabi/lib/thumb/v6-m/nofp/libc.a(lib_a-memmove.o)
 .ARM.attributes
                0x0000000000000583       0x2c /home/botelhocpp/.platformio/packages/toolchain-gccarmnoneeabi/bin/../lib/gcc/arm-none-eabi/8.2.1/../../../../arm-none-eabi/lib/thumb/v6-m/nofp/libc.a(lib_a-reallocr.o)
 .ARM.attributes
                0x00000000000005af       0x2c /home/botelhocpp/.platformio/packages/toolchain-gccarmnoneeabi/bin/../lib/gcc/arm-none-eabi/8.2.1/../../../../arm-none-eabi/lib/thumb/v6-m/nofp/libc.a(lib_a-reent.o)
 .ARM.attributes
                0x00000000000005db       0x1b /home/botelhocpp/.platformio/packages/toolchain-gccarmnoneeabi/bin/../lib/gcc/arm-none-eabi/8.2.1/../../../../arm-none-eabi/lib/thumb/v6-m/nofp/libc.a(lib_a-strcmp.o)
 .ARM.attributes
                0x00000000000005f6       0x2c /home/botelhocpp/.platformio/packages/toolchain-gccarmnoneeabi/bin/../lib/gcc/arm-none-eabi/8.2.1/../../../../arm-none-eabi/lib/thumb/v6-m/nofp/libc.a(lib_a-wctomb_r.o)
 .ARM.attributes
                0x0000000000000622       0x2c /home/botelhocpp/.platformio/packages/toolchain-gccarmnoneeabi/bin/../lib/gcc/arm-none-eabi/8.2.1/../../../../arm-none-eabi/lib/thumb/v6-m/nofp/libc.a(lib_a-ctype_.o)
 .ARM.attributes
                0x000000000000064e       0x1e /home/botelhocpp/.platformio/packages/toolchain-gccarmnoneeabi/bin/../lib/gcc/arm-none-eabi/8.2.1/thumb/v6-m/nofp/libgcc.a(_udivsi3.o)
 .ARM.attributes
                0x000000000000066c       0x1e /home/botelhocpp/.platformio/packages/toolchain-gccarmnoneeabi/bin/../lib/gcc/arm-none-eabi/8.2.1/thumb/v6-m/nofp/libgcc.a(_divsi3.o)
 .ARM.attributes
                0x000000000000068a       0x1e /home/botelhocpp/.platformio/packages/toolchain-gccarmnoneeabi/bin/../lib/gcc/arm-none-eabi/8.2.1/thumb/v6-m/nofp/libgcc.a(_dvmd_tls.o)
 .ARM.attributes
                0x00000000000006a8       0x1e /home/botelhocpp/.platformio/packages/toolchain-gccarmnoneeabi/bin/../lib/gcc/arm-none-eabi/8.2.1/thumb/v6-m/nofp/libgcc.a(_arm_cmpdf2.o)
 .ARM.attributes
                0x00000000000006c6       0x1e /home/botelhocpp/.platformio/packages/toolchain-gccarmnoneeabi/bin/../lib/gcc/arm-none-eabi/8.2.1/thumb/v6-m/nofp/libgcc.a(_aeabi_uldivmod.o)
 .ARM.attributes
                0x00000000000006e4       0x2c /home/botelhocpp/.platformio/packages/toolchain-gccarmnoneeabi/bin/../lib/gcc/arm-none-eabi/8.2.1/thumb/v6-m/nofp/libgcc.a(_udivmoddi4.o)
 .ARM.attributes
                0x0000000000000710       0x2c /home/botelhocpp/.platformio/packages/toolchain-gccarmnoneeabi/bin/../lib/gcc/arm-none-eabi/8.2.1/thumb/v6-m/nofp/libgcc.a(adddf3.o)
 .ARM.attributes
                0x000000000000073c       0x2c /home/botelhocpp/.platformio/packages/toolchain-gccarmnoneeabi/bin/../lib/gcc/arm-none-eabi/8.2.1/thumb/v6-m/nofp/libgcc.a(divdf3.o)
 .ARM.attributes
                0x0000000000000768       0x2c /home/botelhocpp/.platformio/packages/toolchain-gccarmnoneeabi/bin/../lib/gcc/arm-none-eabi/8.2.1/thumb/v6-m/nofp/libgcc.a(eqdf2.o)
 .ARM.attributes
                0x0000000000000794       0x2c /home/botelhocpp/.platformio/packages/toolchain-gccarmnoneeabi/bin/../lib/gcc/arm-none-eabi/8.2.1/thumb/v6-m/nofp/libgcc.a(gedf2.o)
 .ARM.attributes
                0x00000000000007c0       0x2c /home/botelhocpp/.platformio/packages/toolchain-gccarmnoneeabi/bin/../lib/gcc/arm-none-eabi/8.2.1/thumb/v6-m/nofp/libgcc.a(ledf2.o)
 .ARM.attributes
                0x00000000000007ec       0x2c /home/botelhocpp/.platformio/packages/toolchain-gccarmnoneeabi/bin/../lib/gcc/arm-none-eabi/8.2.1/thumb/v6-m/nofp/libgcc.a(muldf3.o)
 .ARM.attributes
                0x0000000000000818       0x2c /home/botelhocpp/.platformio/packages/toolchain-gccarmnoneeabi/bin/../lib/gcc/arm-none-eabi/8.2.1/thumb/v6-m/nofp/libgcc.a(subdf3.o)
 .ARM.attributes
                0x0000000000000844       0x2c /home/botelhocpp/.platformio/packages/toolchain-gccarmnoneeabi/bin/../lib/gcc/arm-none-eabi/8.2.1/thumb/v6-m/nofp/libgcc.a(unorddf2.o)
 .ARM.attributes
                0x0000000000000870       0x2c /home/botelhocpp/.platformio/packages/toolchain-gccarmnoneeabi/bin/../lib/gcc/arm-none-eabi/8.2.1/thumb/v6-m/nofp/libgcc.a(fixdfsi.o)
 .ARM.attributes
                0x000000000000089c       0x2c /home/botelhocpp/.platformio/packages/toolchain-gccarmnoneeabi/bin/../lib/gcc/arm-none-eabi/8.2.1/thumb/v6-m/nofp/libgcc.a(floatsidf.o)
 .ARM.attributes